Archive member included to satisfy reference by file (symbol)

C:/ST/STM32CubeIDE_1.16.0/STM32CubeIDE/plugins/com.st.stm32cube.ide.mcu.externaltools.gnu-tools-for-stm32.12.3.rel1.win32_1.0.200.202406191623/tools/bin/../lib/gcc/arm-none-eabi/12.3.1/../../../../arm-none-eabi/lib/thumb/v6-m/nofp\libc_nano.a(libc_a-exit.o)
                              C:/ST/STM32CubeIDE_1.16.0/STM32CubeIDE/plugins/com.st.stm32cube.ide.mcu.externaltools.gnu-tools-for-stm32.12.3.rel1.win32_1.0.200.202406191623/tools/bin/../lib/gcc/arm-none-eabi/12.3.1/../../../../arm-none-eabi/lib/thumb/v6-m/nofp/crt0.o (exit)
C:/ST/STM32CubeIDE_1.16.0/STM32CubeIDE/plugins/com.st.stm32cube.ide.mcu.externaltools.gnu-tools-for-stm32.12.3.rel1.win32_1.0.200.202406191623/tools/bin/../lib/gcc/arm-none-eabi/12.3.1/../../../../arm-none-eabi/lib/thumb/v6-m/nofp\libc_nano.a(libc_a-rand.o)
                              ./Core/Src/main.o (srand)
C:/ST/STM32CubeIDE_1.16.0/STM32CubeIDE/plugins/com.st.stm32cube.ide.mcu.externaltools.gnu-tools-for-stm32.12.3.rel1.win32_1.0.200.202406191623/tools/bin/../lib/gcc/arm-none-eabi/12.3.1/../../../../arm-none-eabi/lib/thumb/v6-m/nofp\libc_nano.a(libc_a-findfp.o)
                              C:/ST/STM32CubeIDE_1.16.0/STM32CubeIDE/plugins/com.st.stm32cube.ide.mcu.externaltools.gnu-tools-for-stm32.12.3.rel1.win32_1.0.200.202406191623/tools/bin/../lib/gcc/arm-none-eabi/12.3.1/../../../../arm-none-eabi/lib/thumb/v6-m/nofp\libc_nano.a(libc_a-exit.o) (__stdio_exit_handler)
C:/ST/STM32CubeIDE_1.16.0/STM32CubeIDE/plugins/com.st.stm32cube.ide.mcu.externaltools.gnu-tools-for-stm32.12.3.rel1.win32_1.0.200.202406191623/tools/bin/../lib/gcc/arm-none-eabi/12.3.1/../../../../arm-none-eabi/lib/thumb/v6-m/nofp\libc_nano.a(libc_a-fwalk.o)
                              C:/ST/STM32CubeIDE_1.16.0/STM32CubeIDE/plugins/com.st.stm32cube.ide.mcu.externaltools.gnu-tools-for-stm32.12.3.rel1.win32_1.0.200.202406191623/tools/bin/../lib/gcc/arm-none-eabi/12.3.1/../../../../arm-none-eabi/lib/thumb/v6-m/nofp\libc_nano.a(libc_a-findfp.o) (_fwalk_sglue)
C:/ST/STM32CubeIDE_1.16.0/STM32CubeIDE/plugins/com.st.stm32cube.ide.mcu.externaltools.gnu-tools-for-stm32.12.3.rel1.win32_1.0.200.202406191623/tools/bin/../lib/gcc/arm-none-eabi/12.3.1/../../../../arm-none-eabi/lib/thumb/v6-m/nofp\libc_nano.a(libc_a-stdio.o)
                              C:/ST/STM32CubeIDE_1.16.0/STM32CubeIDE/plugins/com.st.stm32cube.ide.mcu.externaltools.gnu-tools-for-stm32.12.3.rel1.win32_1.0.200.202406191623/tools/bin/../lib/gcc/arm-none-eabi/12.3.1/../../../../arm-none-eabi/lib/thumb/v6-m/nofp\libc_nano.a(libc_a-findfp.o) (__sread)
C:/ST/STM32CubeIDE_1.16.0/STM32CubeIDE/plugins/com.st.stm32cube.ide.mcu.externaltools.gnu-tools-for-stm32.12.3.rel1.win32_1.0.200.202406191623/tools/bin/../lib/gcc/arm-none-eabi/12.3.1/../../../../arm-none-eabi/lib/thumb/v6-m/nofp\libc_nano.a(libc_a-memcmp.o)
                              ./Core/Src/ask.o (memcmp)
C:/ST/STM32CubeIDE_1.16.0/STM32CubeIDE/plugins/com.st.stm32cube.ide.mcu.externaltools.gnu-tools-for-stm32.12.3.rel1.win32_1.0.200.202406191623/tools/bin/../lib/gcc/arm-none-eabi/12.3.1/../../../../arm-none-eabi/lib/thumb/v6-m/nofp\libc_nano.a(libc_a-memset.o)
                              C:/ST/STM32CubeIDE_1.16.0/STM32CubeIDE/plugins/com.st.stm32cube.ide.mcu.externaltools.gnu-tools-for-stm32.12.3.rel1.win32_1.0.200.202406191623/tools/bin/../lib/gcc/arm-none-eabi/12.3.1/../../../../arm-none-eabi/lib/thumb/v6-m/nofp/crt0.o (memset)
C:/ST/STM32CubeIDE_1.16.0/STM32CubeIDE/plugins/com.st.stm32cube.ide.mcu.externaltools.gnu-tools-for-stm32.12.3.rel1.win32_1.0.200.202406191623/tools/bin/../lib/gcc/arm-none-eabi/12.3.1/../../../../arm-none-eabi/lib/thumb/v6-m/nofp\libc_nano.a(libc_a-closer.o)
                              C:/ST/STM32CubeIDE_1.16.0/STM32CubeIDE/plugins/com.st.stm32cube.ide.mcu.externaltools.gnu-tools-for-stm32.12.3.rel1.win32_1.0.200.202406191623/tools/bin/../lib/gcc/arm-none-eabi/12.3.1/../../../../arm-none-eabi/lib/thumb/v6-m/nofp\libc_nano.a(libc_a-stdio.o) (_close_r)
C:/ST/STM32CubeIDE_1.16.0/STM32CubeIDE/plugins/com.st.stm32cube.ide.mcu.externaltools.gnu-tools-for-stm32.12.3.rel1.win32_1.0.200.202406191623/tools/bin/../lib/gcc/arm-none-eabi/12.3.1/../../../../arm-none-eabi/lib/thumb/v6-m/nofp\libc_nano.a(libc_a-reent.o)
                              C:/ST/STM32CubeIDE_1.16.0/STM32CubeIDE/plugins/com.st.stm32cube.ide.mcu.externaltools.gnu-tools-for-stm32.12.3.rel1.win32_1.0.200.202406191623/tools/bin/../lib/gcc/arm-none-eabi/12.3.1/../../../../arm-none-eabi/lib/thumb/v6-m/nofp\libc_nano.a(libc_a-closer.o) (errno)
C:/ST/STM32CubeIDE_1.16.0/STM32CubeIDE/plugins/com.st.stm32cube.ide.mcu.externaltools.gnu-tools-for-stm32.12.3.rel1.win32_1.0.200.202406191623/tools/bin/../lib/gcc/arm-none-eabi/12.3.1/../../../../arm-none-eabi/lib/thumb/v6-m/nofp\libc_nano.a(libc_a-impure.o)
[...]
Memory Configuration

Name             Origin             Length             Attributes
RAM              0x20000000         0x00002000         xrw
FLASH            0x08000000         0x00010000         xr
*default*        0x00000000         0xffffffff

Linker script and memory map

LOAD C:/ST/STM32CubeIDE_1.16.0/STM32CubeIDE/plugins/com.st.stm32cube.ide.mcu.externaltools.gnu-tools-for-stm32.12.3.rel1.win32_1.0.200.202406191623/tools/bin/../lib/gcc/arm-none-eabi/12.3.1/thumb/v6-m/nofp/crti.o
LOAD C:/ST/STM32CubeIDE_1.16.0/STM32CubeIDE/plugins/com.st.stm32cube.ide.mcu.externaltools.gnu-tools-for-stm32.12.3.rel1.win32_1.0.200.202406191623/tools/bin/../lib/gcc/arm-none-eabi/12.3.1/thumb/v6-m/nofp/crtbegin.o
LOAD C:/ST/STM32CubeIDE_1.16.0/STM32CubeIDE/plugins/com.st.stm32cube.ide.mcu.externaltools.gnu-tools-for-stm32.12.3.rel1.win32_1.0.200.202406191623/tools/bin/../lib/gcc/arm-none-eabi/12.3.1/../../../../arm-none-eabi/lib/thumb/v6-m/nofp/crt0.o
LOAD ./Core/Src/DFPLAYER_MINI.o
LOAD ./Core/Src/FLASH_PAGE.o
LOAD ./Core/Src/ask.o
LOAD ./Core/Src/ask_hal_stm32_none.o
LOAD ./Core/Src/gpio.o
LOAD ./Core/Src/main.o
LOAD ./Core/Src/stm32f0xx_hal_msp.o
LOAD ./Core/Src/stm32f0xx_it.o
LOAD ./Core/Src/syscalls.o
LOAD ./Core/Src/sysmem.o
LOAD ./Core/Src/system_stm32f0xx.o
LOAD ./Core/Src/tim.o
LOAD ./Core/Src/usart.o
LOAD ./Core/Startup/startup_stm32f030c8tx.o
LOAD ./Drivers/STM32F0xx_HAL_Driver/Src/stm32f0xx_hal.o
LOAD ./Drivers/STM32F0xx_HAL_Driver/Src/stm32f0xx_hal_cortex.o
LOAD ./Drivers/STM32F0xx_HAL_Driver/Src/stm32f0xx_hal_dma.o
LOAD ./Drivers/STM32F0xx_HAL_Driver/Src/stm32f0xx_hal_exti.o
LOAD ./Drivers/STM32F0xx_HAL_Driver/Src/stm32f0xx_hal_flash.o
LOAD ./Drivers/STM32F0xx_HAL_Driver/Src/stm32f0xx_hal_flash_ex.o
LOAD ./Drivers/STM32F0xx_HAL_Driver/Src/stm32f0xx_hal_gpio.o
LOAD ./Drivers/STM32F0xx_HAL_Driver/Src/stm32f0xx_hal_i2c.o
LOAD ./Drivers/STM32F0xx_HAL_Driver/Src/stm32f0xx_hal_i2c_ex.o
LOAD ./Drivers/STM32F0xx_HAL_Driver/Src/stm32f0xx_hal_pwr.o
LOAD ./Drivers/STM32F0xx_HAL_Driver/Src/stm32f0xx_hal_pwr_ex.o
LOAD ./Drivers/STM32F0xx_HAL_Driver/Src/stm32f0xx_hal_rcc.o
LOAD ./Drivers/STM32F0xx_HAL_Driver/Src/stm32f0xx_hal_rcc_ex.o
LOAD ./Drivers/STM32F0xx_HAL_Driver/Src/stm32f0xx_hal_tim.o
LOAD ./Drivers/STM32F0xx_HAL_Driver/Src/stm32f0xx_hal_tim_ex.o
LOAD ./Drivers/STM32F0xx_HAL_Driver/Src/stm32f0xx_hal_uart.o
LOAD ./Drivers/STM32F0xx_HAL_Driver/Src/stm32f0xx_hal_uart_ex.o
START GROUP
LOAD C:/ST/STM32CubeIDE_1.16.0/STM32CubeIDE/plugins/com.st.stm32cube.ide.mcu.externaltools.gnu-tools-for-stm32.12.3.rel1.win32_1.0.200.202406191623/tools/bin/../lib/gcc/arm-none-eabi/12.3.1/../../../../arm-none-eabi/lib/thumb/v6-m/nofp\libc_nano.a
LOAD C:/ST/STM32CubeIDE_1.16.0/STM32CubeIDE/plugins/com.st.stm32cube.ide.mcu.externaltools.gnu-tools-for-stm32.12.3.rel1.win32_1.0.200.202406191623/tools/bin/../lib/gcc/arm-none-eabi/12.3.1/../../../../arm-none-eabi/lib/thumb/v6-m/nofp\libm.a
END GROUP
START GROUP
LOAD C:/ST/STM32CubeIDE_1.16.0/STM32CubeIDE/plugins/com.st.stm32cube.ide.mcu.externaltools.gnu-tools-for-stm32.12.3.rel1.win32_1.0.200.202406191623/tools/bin/../lib/gcc/arm-none-eabi/12.3.1/thumb/v6-m/nofp\libgcc.a
LOAD C:/ST/STM32CubeIDE_1.16.0/STM32CubeIDE/plugins/com.st.stm32cube.ide.mcu.externaltools.gnu-tools-for-stm32.12.3.rel1.win32_1.0.200.202406191623/tools/bin/../lib/gcc/arm-none-eabi/12.3.1/../../../../arm-none-eabi/lib/thumb/v6-m/nofp\libc_nano.a
END GROUP
START GROUP
LOAD C:/ST/STM32CubeIDE_1.16.0/STM32CubeIDE/plugins/com.st.stm32cube.ide.mcu.externaltools.gnu-tools-for-stm32.12.3.rel1.win32_1.0.200.202406191623/tools/bin/../lib/gcc/arm-none-eabi/12.3.1/thumb/v6-m/nofp\libgcc.a
LOAD C:/ST/STM32CubeIDE_1.16.0/STM32CubeIDE/plugins/com.st.stm32cube.ide.mcu.externaltools.gnu-tools-for-stm32.12.3.rel1.win32_1.0.200.202406191623/tools/bin/../lib/gcc/arm-none-eabi/12.3.1/../../../../arm-none-eabi/lib/thumb/v6-m/nofp\libc_nano.a
LOAD C:/ST/STM32CubeIDE_1.16.0/STM32CubeIDE/plugins/com.st.stm32cube.ide.mcu.externaltools.gnu-tools-for-stm32.12.3.rel1.win32_1.0.200.202406191623/tools/bin/../lib/gcc/arm-none-eabi/12.3.1/../../../../arm-none-eabi/lib/thumb/v6-m/nofp\libnosys.a
END GROUP
START GROUP
LOAD C:/ST/STM32CubeIDE_1.16.0/STM32CubeIDE/plugins/com.st.stm32cube.ide.mcu.externaltools.gnu-tools-for-stm32.12.3.rel1.win32_1.0.200.202406191623/tools/bin/../lib/gcc/arm-none-eabi/12.3.1/thumb/v6-m/nofp\libgcc.a
LOAD C:/ST/STM32CubeIDE_1.16.0/STM32CubeIDE/plugins/com.st.stm32cube.ide.mcu.externaltools.gnu-tools-for-stm32.12.3.rel1.win32_1.0.200.202406191623/tools/bin/../lib/gcc/arm-none-eabi/12.3.1/../../../../arm-none-eabi/lib/thumb/v6-m/nofp\libc_nano.a
LOAD C:/ST/STM32CubeIDE_1.16.0/STM32CubeIDE/plugins/com.st.stm32cube.ide.mcu.externaltools.gnu-tools-for-stm32.12.3.rel1.win32_1.0.200.202406191623/tools/bin/../lib/gcc/arm-none-eabi/12.3.1/../../../../arm-none-eabi/lib/thumb/v6-m/nofp\libnosys.a
END GROUP
LOAD C:/ST/STM32CubeIDE_1.16.0/STM32CubeIDE/plugins/com.st.stm32cube.ide.mcu.externaltools.gnu-tools-for-stm32.12.3.rel1.win32_1.0.200.202406191623/tools/bin/../lib/gcc/arm-none-eabi/12.3.1/thumb/v6-m/nofp/crtend.o
LOAD C:/ST/STM32CubeIDE_1.16.0/STM32CubeIDE/plugins/com.st.stm32cube.ide.mcu.externaltools.gnu-tools-for-stm32.12.3.rel1.win32_1.0.200.202406191623/tools/bin/../lib/gcc/arm-none-eabi/12.3.1/thumb/v6-m/nofp/crtn.o
                0x20002000                        _estack = (ORIGIN (RAM) + LENGTH (RAM))
                0x00000200                        _Min_Heap_Size = 0x200
                0x00000400                        _Min_Stack_Size = 0x400

.isr_vector     0x08000000       0xc0
                0x08000000                        . = ALIGN (0x4)
 *(.isr_vector)
 .isr_vector    0x08000000       0xc0 ./Core/Startup/startup_stm32f030c8tx.o
                0x08000000                g_pfnVectors
                0x080000c0                        . = ALIGN (0x4)

.text           0x080000c0     0x5824
                0x080000c0                        . = ALIGN (0x4)
 *(.text)
 .text          0x080000c0       0x48 C:/ST/STM32CubeIDE_1.16.0/STM32CubeIDE/plugins/com.st.stm32cube.ide.mcu.externaltools.gnu-tools-for-stm32.12.3.rel1.win32_1.0.200.202406191623/tools/bin/../lib/gcc/arm-none-eabi/12.3.1/thumb/v6-m/nofp/crtbegin.o
 .text          0x08000108       0x14 C:/ST/STM32CubeIDE_1.16.0/STM32CubeIDE/plugins/com.st.stm32cube.ide.mcu.externaltools.gnu-tools-for-stm32.12.3.rel1.win32_1.0.200.202406191623/tools/bin/../lib/gcc/arm-none-eabi/12.3.1/thumb/v6-m/nofp\libgcc.a(_thumb1_case_shi.o)
                0x08000108                __gnu_thumb1_case_shi
 .text          0x0800011c      0x114 C:/ST/STM32CubeIDE_1.16.0/STM32CubeIDE/plugins/com.st.stm32cube.ide.mcu.externaltools.gnu-tools-for-stm32.12.3.rel1.win32_1.0.200.202406191623/tools/bin/../lib/gcc/arm-none-eabi/12.3.1/thumb/v6-m/nofp\libgcc.a(_udivsi3.o)
                0x0800011c                __aeabi_uidiv
                0x0800011c                __udivsi3
                0x08000228                __aeabi_uidivmod
 .text          0x08000230      0x1d4 C:/ST/STM32CubeIDE_1.16.0/STM32CubeIDE/plugins/com.st.stm32cube.ide.mcu.externaltools.gnu-tools-for-stm32.12.3.rel1.win32_1.0.200.202406191623/tools/bin/../lib/gcc/arm-none-eabi/12.3.1/thumb/v6-m/nofp\libgcc.a(_divsi3.o)
                0x08000230                __divsi3
                0x08000230                __aeabi_idiv
                0x080003fc                __aeabi_idivmod
 .text          0x08000404        0x4 C:/ST/STM32CubeIDE_1.16.0/STM32CubeIDE/plugins/com.st.stm32cube.ide.mcu.externaltools.gnu-tools-for-stm32.12.3.rel1.win32_1.0.200.202406191623/tools/bin/../lib/gcc/arm-none-eabi/12.3.1/thumb/v6-m/nofp\libgcc.a(_dvmd_tls.o)
                0x08000404                __aeabi_idiv0
                0x08000404                __aeabi_ldiv0
 .text          0x08000408       0x5c C:/ST/STM32CubeIDE_1.16.0/STM32CubeIDE/plugins/com.st.stm32cube.ide.mcu.externaltools.gnu-tools-for-stm32.12.3.rel1.win32_1.0.200.202406191623/tools/bin/../lib/gcc/arm-none-eabi/12.3.1/thumb/v6-m/nofp\libgcc.a(_muldi3.o)
                0x08000408                __muldi3
                0x08000408                __aeabi_lmul
 *(.text*)
 .text.Send_cmd
                0x08000464       0xb8 ./Core/Src/DFPLAYER_MINI.o
                0x08000464                Send_cmd
 .text.DF_Choose
                0x0800051c       0x28 ./Core/Src/DFPLAYER_MINI.o
                0x0800051c                DF_Choose
 .text.DF_Init  0x08000544       0x3c ./Core/Src/DFPLAYER_MINI.o
                0x08000544                DF_Init
 .text.DF_Pause
                0x08000580       0x1a ./Core/Src/DFPLAYER_MINI.o
                0x08000580                DF_Pause
 *fill*         0x0800059a        0x2 
 .text.GetPage  0x0800059c       0x58 ./Core/Src/FLASH_PAGE.o
 .text.Flash_Write_Data
                0x080005f4       0xc4 ./Core/Src/FLASH_PAGE.o
                0x080005f4                Flash_Write_Data
 .text.Flash_Read_Data
                0x080006b8       0x40 ./Core/Src/FLASH_PAGE.o
                0x080006b8                Flash_Read_Data
 .text.ask_init
                0x080006f8       0xc0 ./Core/Src/ask.o
                0x080006f8                ask_init
 .text.ask_pinchange_callback
                0x080007b8       0xf8 ./Core/Src/ask.o
                0x080007b8                ask_pinchange_callback
 .text.ask_available
                0x080008b0      0x3cc ./Core/Src/ask.o
                0x080008b0                ask_available
 .text.ask_read_bytes
                0x08000c7c       0x5c ./Core/Src/ask.o
                0x08000c7c                ask_read_bytes
 .text.ask_read_pin_433
                0x08000cd8       0x1e ./Core/Src/ask_hal_stm32_none.o
                0x08000cd8                ask_read_pin_433
 *fill*         0x08000cf6        0x2 
 .text.ask_micros_433
                0x08000cf8       0x18 ./Core/Src/ask_hal_stm32_none.o
                0x08000cf8                ask_micros_433
 .text.ask_init_rx433
                0x08000d10       0x18 ./Core/Src/ask_hal_stm32_none.o
                0x08000d10                ask_init_rx433
 .text.ask_delay_ms_433
                0x08000d28       0x18 ./Core/Src/ask_hal_stm32_none.o
                0x08000d28                ask_delay_ms_433
 .text.ask_delay_us_433
                0x08000d40       0x30 ./Core/Src/ask_hal_stm32_none.o
                0x08000d40                ask_delay_us_433
 .text.MX_GPIO_Init
                0x08000d70      0x23c ./Core/Src/gpio.o
                0x08000d70                MX_GPIO_Init
 .text.HAL_GPIO_EXTI_Callback
                0x08000fac       0x28 ./Core/Src/main.o
                0x08000fac                HAL_GPIO_EXTI_Callback
 .text.reset_Shift_Register
                0x08000fd4       0x3c ./Core/Src/main.o
                0x08000fd4                reset_Shift_Register
 .text.HAL_TIM_PeriodElapsedCallback
                0x08001010       0x34 ./Core/Src/main.o
                0x08001010                HAL_TIM_PeriodElapsedCallback
 .text.segment_Update
                0x08001044      0x69c ./Core/Src/main.o
                0x08001044                segment_Update
 .text.shuffle  0x080016e0       0x6a ./Core/Src/main.o
                0x080016e0                shuffle
 *fill*         0x0800174a        0x2 
 .text.ShiftOut
                0x0800174c       0x84 ./Core/Src/main.o
                0x0800174c                ShiftOut
 .text.button_Click
                0x080017d0       0x54 ./Core/Src/main.o
                0x080017d0                button_Click
 .text.start_Game
                0x08001824       0xec ./Core/Src/main.o
                0x08001824                start_Game
 .text.settings
                0x08001910        0xa ./Core/Src/main.o
                0x08001910                settings
 *fill*         0x0800191a        0x2 
 .text.hold_key
                0x0800191c       0x3c ./Core/Src/main.o
                0x0800191c                hold_key
 .text.blinking
                0x08001958       0x50 ./Core/Src/main.o
                0x08001958                blinking
 .text.check_And_Learn_Ask
                0x080019a8       0xfc ./Core/Src/main.o
                0x080019a8                check_And_Learn_Ask
 .text.timer_Update
                0x08001aa4       0xcc ./Core/Src/main.o
                0x08001aa4                timer_Update
 .text.main     0x08001b70      0x11c ./Core/Src/main.o
                0x08001b70                main
 .text.SystemClock_Config
                0x08001c8c       0x94 ./Core/Src/main.o
                0x08001c8c                SystemClock_Config
 .text.Error_Handler
                0x08001d20        0xc ./Core/Src/main.o
                0x08001d20                Error_Handler
 .text.HAL_MspInit
                0x08001d2c       0x48 ./Core/Src/stm32f0xx_hal_msp.o
                0x08001d2c                HAL_MspInit
 .text.NMI_Handler
                0x08001d74        0x8 ./Core/Src/stm32f0xx_it.o
                0x08001d74                NMI_Handler
 .text.HardFault_Handler
                0x08001d7c        0x8 ./Core/Src/stm32f0xx_it.o
                0x08001d7c                HardFault_Handler
 .text.SVC_Handler
                0x08001d84        0xa ./Core/Src/stm32f0xx_it.o
                0x08001d84                SVC_Handler
 .text.PendSV_Handler
                0x08001d8e        0xa ./Core/Src/stm32f0xx_it.o
                0x08001d8e                PendSV_Handler
 .text.SysTick_Handler
                0x08001d98        0xe ./Core/Src/stm32f0xx_it.o
                0x08001d98                SysTick_Handler
 .text.EXTI0_1_IRQHandler
                0x08001da6       0x10 ./Core/Src/stm32f0xx_it.o
                0x08001da6                EXTI0_1_IRQHandler
 .text.EXTI2_3_IRQHandler
                0x08001db6       0x10 ./Core/Src/stm32f0xx_it.o
                0x08001db6                EXTI2_3_IRQHandler
 *fill*         0x08001dc6        0x2 
 .text.TIM15_IRQHandler
                0x08001dc8       0x18 ./Core/Src/stm32f0xx_it.o
                0x08001dc8                TIM15_IRQHandler
 .text._getpid  0x08001de0        0xc ./Core/Src/syscalls.o
                0x08001de0                _getpid
 .text._kill    0x08001dec       0x20 ./Core/Src/syscalls.o
                0x08001dec                _kill
 .text._exit    0x08001e0c       0x1a ./Core/Src/syscalls.o
                0x08001e0c                _exit
 .text._read    0x08001e26       0x3a ./Core/Src/syscalls.o
                0x08001e26                _read
 .text._write   0x08001e60       0x38 ./Core/Src/syscalls.o
                0x08001e60                _write
 .text._close   0x08001e98       0x14 ./Core/Src/syscalls.o
                0x08001e98                _close
 .text._fstat   0x08001eac       0x1c ./Core/Src/syscalls.o
                0x08001eac                _fstat
 .text._isatty  0x08001ec8       0x12 ./Core/Src/syscalls.o
                0x08001ec8                _isatty
 .text._lseek   0x08001eda       0x16 ./Core/Src/syscalls.o
                0x08001eda                _lseek
 .text._sbrk    0x08001ef0       0x6c ./Core/Src/sysmem.o
                0x08001ef0                _sbrk
 .text.SystemInit
                0x08001f5c        0xa ./Core/Src/system_stm32f0xx.o
                0x08001f5c                SystemInit
 *fill*         0x08001f66        0x2 
 .text.MX_TIM3_Init
                0x08001f68       0xac ./Core/Src/tim.o
                0x08001f68                MX_TIM3_Init
 .text.MX_TIM6_Init
                0x08002014       0x44 ./Core/Src/tim.o
                0x08002014                MX_TIM6_Init
 .text.MX_TIM14_Init
                0x08002058       0x50 ./Core/Src/tim.o
                0x08002058                MX_TIM14_Init
 .text.MX_TIM15_Init
                0x080020a8       0xb0 ./Core/Src/tim.o
                0x080020a8                MX_TIM15_Init
 .text.HAL_TIM_Base_MspInit
                0x08002158       0xcc ./Core/Src/tim.o
                0x08002158                HAL_TIM_Base_MspInit
 .text.MX_USART2_UART_Init
                0x08002224       0x60 ./Core/Src/usart.o
                0x08002224                MX_USART2_UART_Init
 .text.HAL_UART_MspInit
                0x08002284       0x98 ./Core/Src/usart.o
                0x08002284                HAL_UART_MspInit
 .text.Reset_Handler
                0x0800231c       0x50 ./Core/Startup/startup_stm32f030c8tx.o
                0x0800231c                Reset_Handler
 .text.Default_Handler
                0x0800236c        0x2 ./Core/Startup/startup_stm32f030c8tx.o
                0x0800236c                TIM1_CC_IRQHandler
                0x0800236c                TIM6_IRQHandler
                0x0800236c                I2C1_IRQHandler
                0x0800236c                SPI1_IRQHandler
                0x0800236c                ADC1_IRQHandler
                0x0800236c                I2C2_IRQHandler
                0x0800236c                TIM17_IRQHandler
                0x0800236c                RTC_IRQHandler
                0x0800236c                TIM16_IRQHandler
                0x0800236c                TIM3_IRQHandler
                0x0800236c                EXTI4_15_IRQHandler
                0x0800236c                RCC_IRQHandler
                0x0800236c                DMA1_Channel1_IRQHandler
                0x0800236c                Default_Handler
                0x0800236c                TIM14_IRQHandler
                0x0800236c                DMA1_Channel4_5_IRQHandler
                0x0800236c                SPI2_IRQHandler
                0x0800236c                WWDG_IRQHandler
                0x0800236c                DMA1_Channel2_3_IRQHandler
                0x0800236c                USART2_IRQHandler
                0x0800236c                FLASH_IRQHandler
                0x0800236c                USART1_IRQHandler
                0x0800236c                TIM1_BRK_UP_TRG_COM_IRQHandler
 *fill*         0x0800236e        0x2 
 .text.HAL_Init
                0x08002370       0x28 ./Drivers/STM32F0xx_HAL_Driver/Src/stm32f0xx_hal.o
                0x08002370                HAL_Init
 .text.HAL_InitTick
                0x08002398       0x68 ./Drivers/STM32F0xx_HAL_Driver/Src/stm32f0xx_hal.o
                0x08002398                HAL_InitTick
 .text.HAL_IncTick
                0x08002400       0x24 ./Drivers/STM32F0xx_HAL_Driver/Src/stm32f0xx_hal.o
                0x08002400                HAL_IncTick
 .text.HAL_GetTick
                0x08002424       0x14 ./Drivers/STM32F0xx_HAL_Driver/Src/stm32f0xx_hal.o
                0x08002424                HAL_GetTick
 .text.HAL_Delay
                0x08002438       0x48 ./Drivers/STM32F0xx_HAL_Driver/Src/stm32f0xx_hal.o
                0x08002438                HAL_Delay
 .text.__NVIC_EnableIRQ
                0x08002480       0x34 ./Drivers/STM32F0xx_HAL_Driver/Src/stm32f0xx_hal_cortex.o
 .text.__NVIC_SetPriority
                0x080024b4       0xdc ./Drivers/STM32F0xx_HAL_Driver/Src/stm32f0xx_hal_cortex.o
 .text.SysTick_Config
                0x08002590       0x48 ./Drivers/STM32F0xx_HAL_Driver/Src/stm32f0xx_hal_cortex.o
 .text.HAL_NVIC_SetPriority
                0x080025d8       0x2a ./Drivers/STM32F0xx_HAL_Driver/Src/stm32f0xx_hal_cortex.o
                0x080025d8                HAL_NVIC_SetPriority
 .text.HAL_NVIC_EnableIRQ
                0x08002602       0x20 ./Drivers/STM32F0xx_HAL_Driver/Src/stm32f0xx_hal_cortex.o
                0x08002602                HAL_NVIC_EnableIRQ
 .text.HAL_SYSTICK_Config
                0x08002622       0x1a ./Drivers/STM32F0xx_HAL_Driver/Src/stm32f0xx_hal_cortex.o
                0x08002622                HAL_SYSTICK_Config
 .text.HAL_FLASH_Program
                0x0800263c      0x12c ./Drivers/STM32F0xx_HAL_Driver/Src/stm32f0xx_hal_flash.o
                0x0800263c                HAL_FLASH_Program
 .text.HAL_FLASH_Unlock
                0x08002768       0x4c ./Drivers/STM32F0xx_HAL_Driver/Src/stm32f0xx_hal_flash.o
                0x08002768                HAL_FLASH_Unlock
 .text.HAL_FLASH_Lock
                0x080027b4       0x1c ./Drivers/STM32F0xx_HAL_Driver/Src/stm32f0xx_hal_flash.o
                0x080027b4                HAL_FLASH_Lock
 .text.HAL_FLASH_GetError
                0x080027d0       0x14 ./Drivers/STM32F0xx_HAL_Driver/Src/stm32f0xx_hal_flash.o
                0x080027d0                HAL_FLASH_GetError
 .text.FLASH_Program_HalfWord
                0x080027e4       0x38 ./Drivers/STM32F0xx_HAL_Driver/Src/stm32f0xx_hal_flash.o
 .text.FLASH_WaitForLastOperation
                0x0800281c       0x80 ./Drivers/STM32F0xx_HAL_Driver/Src/stm32f0xx_hal_flash.o
                0x0800281c                FLASH_WaitForLastOperation
 .text.FLASH_SetErrorCode
                0x0800289c       0x60 ./Drivers/STM32F0xx_HAL_Driver/Src/stm32f0xx_hal_flash.o
 .text.HAL_FLASHEx_Erase
                0x080028fc       0xec ./Drivers/STM32F0xx_HAL_Driver/Src/stm32f0xx_hal_flash_ex.o
                0x080028fc                HAL_FLASHEx_Erase
 .text.FLASH_MassErase
                0x080029e8       0x30 ./Drivers/STM32F0xx_HAL_Driver/Src/stm32f0xx_hal_flash_ex.o
 .text.FLASH_PageErase
                0x08002a18       0x3c ./Drivers/STM32F0xx_HAL_Driver/Src/stm32f0xx_hal_flash_ex.o
                0x08002a18                FLASH_PageErase
 .text.HAL_GPIO_Init
                0x08002a54      0x2e0 ./Drivers/STM32F0xx_HAL_Driver/Src/stm32f0xx_hal_gpio.o
                0x08002a54                HAL_GPIO_Init
 .text.HAL_GPIO_ReadPin
                0x08002d34       0x3a ./Drivers/STM32F0xx_HAL_Driver/Src/stm32f0xx_hal_gpio.o
                0x08002d34                HAL_GPIO_ReadPin
 .text.HAL_GPIO_WritePin
                0x08002d6e       0x3a ./Drivers/STM32F0xx_HAL_Driver/Src/stm32f0xx_hal_gpio.o
                0x08002d6e                HAL_GPIO_WritePin
 .text.HAL_GPIO_TogglePin
                0x08002da8       0x36 ./Drivers/STM32F0xx_HAL_Driver/Src/stm32f0xx_hal_gpio.o
                0x08002da8                HAL_GPIO_TogglePin
 *fill*         0x08002dde        0x2 
 .text.HAL_GPIO_EXTI_IRQHandler
                0x08002de0       0x38 ./Drivers/STM32F0xx_HAL_Driver/Src/stm32f0xx_hal_gpio.o
                0x08002de0                HAL_GPIO_EXTI_IRQHandler
 .text.HAL_RCC_OscConfig
                0x08002e18      0x634 ./Drivers/STM32F0xx_HAL_Driver/Src/stm32f0xx_hal_rcc.o
                0x08002e18                HAL_RCC_OscConfig
 .text.HAL_RCC_ClockConfig
                0x0800344c      0x19c ./Drivers/STM32F0xx_HAL_Driver/Src/stm32f0xx_hal_rcc.o
                0x0800344c                HAL_RCC_ClockConfig
 .text.HAL_RCC_GetSysClockFreq
                0x080035e8       0xac ./Drivers/STM32F0xx_HAL_Driver/Src/stm32f0xx_hal_rcc.o
                0x080035e8                HAL_RCC_GetSysClockFreq
 .text.HAL_RCC_GetHCLKFreq
                0x08003694       0x14 ./Drivers/STM32F0xx_HAL_Driver/Src/stm32f0xx_hal_rcc.o
                0x08003694                HAL_RCC_GetHCLKFreq
 .text.HAL_RCC_GetPCLK1Freq
                0x080036a8       0x2c ./Drivers/STM32F0xx_HAL_Driver/Src/stm32f0xx_hal_rcc.o
                0x080036a8                HAL_RCC_GetPCLK1Freq
 .text.HAL_TIM_Base_Init
                0x080036d4       0xa0 ./Drivers/STM32F0xx_HAL_Driver/Src/stm32f0xx_hal_tim.o
                0x080036d4                HAL_TIM_Base_Init
 .text.HAL_TIM_Base_Start
                0x08003774       0x88 ./Drivers/STM32F0xx_HAL_Driver/Src/stm32f0xx_hal_tim.o
                0x08003774                HAL_TIM_Base_Start
 .text.HAL_TIM_Base_Start_IT
                0x080037fc       0x98 ./Drivers/STM32F0xx_HAL_Driver/Src/stm32f0xx_hal_tim.o
                0x080037fc                HAL_TIM_Base_Start_IT
 .text.HAL_TIM_IRQHandler
                0x08003894      0x1dc ./Drivers/STM32F0xx_HAL_Driver/Src/stm32f0xx_hal_tim.o
                0x08003894                HAL_TIM_IRQHandler
 .text.HAL_TIM_ConfigClockSource
                0x08003a70      0x1a8 ./Drivers/STM32F0xx_HAL_Driver/Src/stm32f0xx_hal_tim.o
                0x08003a70                HAL_TIM_ConfigClockSource
 .text.HAL_TIM_OC_DelayElapsedCallback
                0x08003c18       0x10 ./Drivers/STM32F0xx_HAL_Driver/Src/stm32f0xx_hal_tim.o
                0x08003c18                HAL_TIM_OC_DelayElapsedCallback
 .text.HAL_TIM_IC_CaptureCallback
                0x08003c28       0x10 ./Drivers/STM32F0xx_HAL_Driver/Src/stm32f0xx_hal_tim.o
                0x08003c28                HAL_TIM_IC_CaptureCallback
 .text.HAL_TIM_PWM_PulseFinishedCallback
                0x08003c38       0x10 ./Drivers/STM32F0xx_HAL_Driver/Src/stm32f0xx_hal_tim.o
                0x08003c38                HAL_TIM_PWM_PulseFinishedCallback
 .text.HAL_TIM_TriggerCallback
                0x08003c48       0x10 ./Drivers/STM32F0xx_HAL_Driver/Src/stm32f0xx_hal_tim.o
                0x08003c48                HAL_TIM_TriggerCallback
 .text.TIM_Base_SetConfig
                0x08003c58      0x108 ./Drivers/STM32F0xx_HAL_Driver/Src/stm32f0xx_hal_tim.o
                0x08003c58                TIM_Base_SetConfig
 .text.TIM_TI1_ConfigInputStage
                0x08003d60       0x5c ./Drivers/STM32F0xx_HAL_Driver/Src/stm32f0xx_hal_tim.o
 .text.TIM_TI2_ConfigInputStage
                0x08003dbc       0x64 ./Drivers/STM32F0xx_HAL_Driver/Src/stm32f0xx_hal_tim.o
 .text.TIM_ITRx_SetConfig
                0x08003e20       0x32 ./Drivers/STM32F0xx_HAL_Driver/Src/stm32f0xx_hal_tim.o
 *fill*         0x08003e52        0x2 
 .text.TIM_ETR_SetConfig
                0x08003e54       0x40 ./Drivers/STM32F0xx_HAL_Driver/Src/stm32f0xx_hal_tim.o
                0x08003e54                TIM_ETR_SetConfig
 .text.HAL_TIMEx_MasterConfigSynchronization
                0x08003e94       0xb0 ./Drivers/STM32F0xx_HAL_Driver/Src/stm32f0xx_hal_tim_ex.o
                0x08003e94                HAL_TIMEx_MasterConfigSynchronization
 .text.HAL_TIMEx_CommutCallback
                0x08003f44       0x10 ./Drivers/STM32F0xx_HAL_Driver/Src/stm32f0xx_hal_tim_ex.o
                0x08003f44                HAL_TIMEx_CommutCallback
 .text.HAL_TIMEx_BreakCallback
                0x08003f54       0x10 ./Drivers/STM32F0xx_HAL_Driver/Src/stm32f0xx_hal_tim_ex.o
                0x08003f54                HAL_TIMEx_BreakCallback
 .text.HAL_UART_Init
                0x08003f64       0xa8 ./Drivers/STM32F0xx_HAL_Driver/Src/stm32f0xx_hal_uart.o
                0x08003f64                HAL_UART_Init
 .text.HAL_UART_Transmit
                0x0800400c      0x13e ./Drivers/STM32F0xx_HAL_Driver/Src/stm32f0xx_hal_uart.o
                0x0800400c                HAL_UART_Transmit
 *fill*         0x0800414a        0x2 
 .text.UART_SetConfig
                0x0800414c      0x280 ./Drivers/STM32F0xx_HAL_Driver/Src/stm32f0xx_hal_uart.o
                0x0800414c                UART_SetConfig
 .text.UART_AdvFeatureConfig
                0x080043cc      0x168 ./Drivers/STM32F0xx_HAL_Driver/Src/stm32f0xx_hal_uart.o
                0x080043cc                UART_AdvFeatureConfig
 .text.UART_CheckIdleState
                0x08004534      0x150 ./Drivers/STM32F0xx_HAL_Driver/Src/stm32f0xx_hal_uart.o
                0x08004534                UART_CheckIdleState
 .text.UART_WaitOnFlagUntilTimeout
                0x08004684       0xde ./Drivers/STM32F0xx_HAL_Driver/Src/stm32f0xx_hal_uart.o
                0x08004684                UART_WaitOnFlagUntilTimeout
 *fill*         0x08004762        0x2 
 .text.UART_EndRxTransfer
                0x08004764       0xc8 ./Drivers/STM32F0xx_HAL_Driver/Src/stm32f0xx_hal_uart.o
 .text.srand    0x0800482c       0x60 C:/ST/STM32CubeIDE_1.16.0/STM32CubeIDE/plugins/com.st.stm32cube.ide.mcu.externaltools.gnu-tools-for-stm32.12.3.rel1.win32_1.0.200.202406191623/tools/bin/../lib/gcc/arm-none-eabi/12.3.1/../../../../arm-none-eabi/lib/thumb/v6-m/nofp\libc_nano.a(libc_a-rand.o)
                0x0800482c                srand
 .text.rand     0x0800488c       0x7c C:/ST/STM32CubeIDE_1.16.0/STM32CubeIDE/plugins/com.st.stm32cube.ide.mcu.externaltools.gnu-tools-for-stm32.12.3.rel1.win32_1.0.200.202406191623/tools/bin/../lib/gcc/arm-none-eabi/12.3.1/../../../../arm-none-eabi/lib/thumb/v6-m/nofp\libc_nano.a(libc_a-rand.o)
                0x0800488c                rand
 .text.std      0x08004908       0x6c C:/ST/STM32CubeIDE_1.16.0/STM32CubeIDE/plugins/com.st.stm32cube.ide.mcu.externaltools.gnu-tools-for-stm32.12.3.rel1.win32_1.0.200.202406191623/tools/bin/../lib/gcc/arm-none-eabi/12.3.1/../../../../arm-none-eabi/lib/thumb/v6-m/nofp\libc_nano.a(libc_a-findfp.o)
 .text.stdio_exit_handler
                0x08004974       0x1c C:/ST/STM32CubeIDE_1.16.0/STM32CubeIDE/plugins/com.st.stm32cube.ide.mcu.externaltools.gnu-tools-for-stm32.12.3.rel1.win32_1.0.200.202406191623/tools/bin/../lib/gcc/arm-none-eabi/12.3.1/../../../../arm-none-eabi/lib/thumb/v6-m/nofp\libc_nano.a(libc_a-findfp.o)
 .text.cleanup_stdio
                0x08004990       0x3c C:/ST/STM32CubeIDE_1.16.0/STM32CubeIDE/plugins/com.st.stm32cube.ide.mcu.externaltools.gnu-tools-for-stm32.12.3.rel1.win32_1.0.200.202406191623/tools/bin/../lib/gcc/arm-none-eabi/12.3.1/../../../../arm-none-eabi/lib/thumb/v6-m/nofp\libc_nano.a(libc_a-findfp.o)
 .text.global_stdio_init.part.0
                0x080049cc       0x3c C:/ST/STM32CubeIDE_1.16.0/STM32CubeIDE/plugins/com.st.stm32cube.ide.mcu.externaltools.gnu-tools-for-stm32.12.3.rel1.win32_1.0.200.202406191623/tools/bin/../lib/gcc/arm-none-eabi/12.3.1/../../../../arm-none-eabi/lib/thumb/v6-m/nofp\libc_nano.a(libc_a-findfp.o)
 .text.__sfp_lock_acquire
                0x08004a08       0x10 C:/ST/STM32CubeIDE_1.16.0/STM32CubeIDE/plugins/com.st.stm32cube.ide.mcu.externaltools.gnu-tools-for-stm32.12.3.rel1.win32_1.0.200.202406191623/tools/bin/../lib/gcc/arm-none-eabi/12.3.1/../../../../arm-none-eabi/lib/thumb/v6-m/nofp\libc_nano.a(libc_a-findfp.o)
                0x08004a08                __sfp_lock_acquire
 .text.__sfp_lock_release
                0x08004a18       0x10 C:/ST/STM32CubeIDE_1.16.0/STM32CubeIDE/plugins/com.st.stm32cube.ide.mcu.externaltools.gnu-tools-for-stm32.12.3.rel1.win32_1.0.200.202406191623/tools/bin/../lib/gcc/arm-none-eabi/12.3.1/../../../../arm-none-eabi/lib/thumb/v6-m/nofp\libc_nano.a(libc_a-findfp.o)
                0x08004a18                __sfp_lock_release
 .text.__sinit  0x08004a28       0x30 C:/ST/STM32CubeIDE_1.16.0/STM32CubeIDE/plugins/com.st.stm32cube.ide.mcu.externaltools.gnu-tools-for-stm32.12.3.rel1.win32_1.0.200.202406191623/tools/bin/../lib/gcc/arm-none-eabi/12.3.1/../../../../arm-none-eabi/lib/thumb/v6-m/nofp\libc_nano.a(libc_a-findfp.o)
                0x08004a28                __sinit
 .text._fwalk_sglue
                0x08004a58       0x38 C:/ST/STM32CubeIDE_1.16.0/STM32CubeIDE/plugins/com.st.stm32cube.ide.mcu.externaltools.gnu-tools-for-stm32.12.3.rel1.win32_1.0.200.202406191623/tools/bin/../lib/gcc/arm-none-eabi/12.3.1/../../../../arm-none-eabi/lib/thumb/v6-m/nofp\libc_nano.a(libc_a-fwalk.o)
                0x08004a58                _fwalk_sglue
 .text.__sread  0x08004a90       0x28 C:/ST/STM32CubeIDE_1.16.0/STM32CubeIDE/plugins/com.st.stm32cube.ide.mcu.externaltools.gnu-tools-for-stm32.12.3.rel1.win32_1.0.200.202406191623/tools/bin/../lib/gcc/arm-none-eabi/12.3.1/../../../../arm-none-eabi/lib/thumb/v6-m/nofp\libc_nano.a(libc_a-stdio.o)
                0x08004a90                __sread
 .text.__swrite
                0x08004ab8       0x38 C:/ST/STM32CubeIDE_1.16.0/STM32CubeIDE/plugins/com.st.stm32cube.ide.mcu.externaltools.gnu-tools-for-stm32.12.3.rel1.win32_1.0.200.202406191623/tools/bin/../lib/gcc/arm-none-eabi/12.3.1/../../../../arm-none-eabi/lib/thumb/v6-m/nofp\libc_nano.a(libc_a-stdio.o)
                0x08004ab8                __swrite
 .text.__sseek  0x08004af0       0x2c C:/ST/STM32CubeIDE_1.16.0/STM32CubeIDE/plugins/com.st.stm32cube.ide.mcu.externaltools.gnu-tools-for-stm32.12.3.rel1.win32_1.0.200.202406191623/tools/bin/../lib/gcc/arm-none-eabi/12.3.1/../../../../arm-none-eabi/lib/thumb/v6-m/nofp\libc_nano.a(libc_a-stdio.o)
                0x08004af0                __sseek
 .text.__sclose
                0x08004b1c        0xc C:/ST/STM32CubeIDE_1.16.0/STM32CubeIDE/plugins/com.st.stm32cube.ide.mcu.externaltools.gnu-tools-for-stm32.12.3.rel1.win32_1.0.200.202406191623/tools/bin/../lib/gcc/arm-none-eabi/12.3.1/../../../../arm-none-eabi/lib/thumb/v6-m/nofp\libc_nano.a(libc_a-stdio.o)
                0x08004b1c                __sclose
 .text.memset   0x08004b28       0x10 C:/ST/STM32CubeIDE_1.16.0/STM32CubeIDE/plugins/com.st.stm32cube.ide.mcu.externaltools.gnu-tools-for-stm32.12.3.rel1.win32_1.0.200.202406191623/tools/bin/../lib/gcc/arm-none-eabi/12.3.1/../../../../arm-none-eabi/lib/thumb/v6-m/nofp\libc_nano.a(libc_a-memset.o)
                0x08004b28                memset
 .text._close_r
                0x08004b38       0x24 C:/ST/STM32CubeIDE_1.16.0/STM32CubeIDE/plugins/com.st.stm32cube.ide.mcu.externaltools.gnu-tools-for-stm32.12.3.rel1.win32_1.0.200.202406191623/tools/bin/../lib/gcc/arm-none-eabi/12.3.1/../../../../arm-none-eabi/lib/thumb/v6-m/nofp\libc_nano.a(libc_a-closer.o)
                0x08004b38                _close_r
 .text._lseek_r
                0x08004b5c       0x28 C:/ST/STM32CubeIDE_1.16.0/STM32CubeIDE/plugins/com.st.stm32cube.ide.mcu.externaltools.gnu-tools-for-stm32.12.3.rel1.win32_1.0.200.202406191623/tools/bin/../lib/gcc/arm-none-eabi/12.3.1/../../../../arm-none-eabi/lib/thumb/v6-m/nofp\libc_nano.a(libc_a-lseekr.o)
                0x08004b5c                _lseek_r
 .text._read_r  0x08004b84       0x28 C:/ST/STM32CubeIDE_1.16.0/STM32CubeIDE/plugins/com.st.stm32cube.ide.mcu.externaltools.gnu-tools-for-stm32.12.3.rel1.win32_1.0.200.202406191623/tools/bin/../lib/gcc/arm-none-eabi/12.3.1/../../../../arm-none-eabi/lib/thumb/v6-m/nofp\libc_nano.a(libc_a-readr.o)
                0x08004b84                _read_r
 .text._write_r
                0x08004bac       0x28 C:/ST/STM32CubeIDE_1.16.0/STM32CubeIDE/plugins/com.st.stm32cube.ide.mcu.externaltools.gnu-tools-for-stm32.12.3.rel1.win32_1.0.200.202406191623/tools/bin/../lib/gcc/arm-none-eabi/12.3.1/../../../../arm-none-eabi/lib/thumb/v6-m/nofp\libc_nano.a(libc_a-writer.o)
                0x08004bac                _write_r
 .text.__errno  0x08004bd4        0xc C:/ST/STM32CubeIDE_1.16.0/STM32CubeIDE/plugins/com.st.stm32cube.ide.mcu.externaltools.gnu-tools-for-stm32.12.3.rel1.win32_1.0.200.202406191623/tools/bin/../lib/gcc/arm-none-eabi/12.3.1/../../../../arm-none-eabi/lib/thumb/v6-m/nofp\libc_nano.a(libc_a-errno.o)
                0x08004bd4                __errno
 .text.__libc_init_array
                0x08004be0       0x48 C:/ST/STM32CubeIDE_1.16.0/STM32CubeIDE/plugins/com.st.stm32cube.ide.mcu.externaltools.gnu-tools-for-stm32.12.3.rel1.win32_1.0.200.202406191623/tools/bin/../lib/gcc/arm-none-eabi/12.3.1/../../../../arm-none-eabi/lib/thumb/v6-m/nofp\libc_nano.a(libc_a-init.o)
                0x08004be0                __libc_init_array
 .text.__retarget_lock_init_recursive
                0x08004c28        0x2 C:/ST/STM32CubeIDE_1.16.0/STM32CubeIDE/plugins/com.st.stm32cube.ide.mcu.externaltools.gnu-tools-for-stm32.12.3.rel1.win32_1.0.200.202406191623/tools/bin/../lib/gcc/arm-none-eabi/12.3.1/../../../../arm-none-eabi/lib/thumb/v6-m/nofp\libc_nano.a(libc_a-lock.o)
                0x08004c28                __retarget_lock_init_recursive
 .text.__retarget_lock_acquire_recursive
                0x08004c2a        0x2 C:/ST/STM32CubeIDE_1.16.0/STM32CubeIDE/plugins/com.st.stm32cube.ide.mcu.externaltools.gnu-tools-for-stm32.12.3.rel1.win32_1.0.200.202406191623/tools/bin/../lib/gcc/arm-none-eabi/12.3.1/../../../../arm-none-eabi/lib/thumb/v6-m/nofp\libc_nano.a(libc_a-lock.o)
                0x08004c2a                __retarget_lock_acquire_recursive
 .text.__retarget_lock_release_recursive
                0x08004c2c        0x2 C:/ST/STM32CubeIDE_1.16.0/STM32CubeIDE/plugins/com.st.stm32cube.ide.mcu.externaltools.gnu-tools-for-stm32.12.3.rel1.win32_1.0.200.202406191623/tools/bin/../lib/gcc/arm-none-eabi/12.3.1/../../../../arm-none-eabi/lib/thumb/v6-m/nofp\libc_nano.a(libc_a-lock.o)
                0x08004c2c                __retarget_lock_release_recursive
 .text.memcpy   0x08004c2e       0x12 C:/ST/STM32CubeIDE_1.16.0/STM32CubeIDE/plugins/com.st.stm32cube.ide.mcu.externaltools.gnu-tools-for-stm32.12.3.rel1.win32_1.0.200.202406191623/tools/bin/../lib/gcc/arm-none-eabi/12.3.1/../../../../arm-none-eabi/lib/thumb/v6-m/nofp\libc_nano.a(libc_a-memcpy-stub.o)
                0x08004c2e                memcpy
 .text.__assert_func
                0x08004c40       0x3c C:/ST/STM32CubeIDE_1.16.0/STM32CubeIDE/plugins/com.st.stm32cube.ide.mcu.externaltools.gnu-tools-for-stm32.12.3.rel1.win32_1.0.200.202406191623/tools/bin/../lib/gcc/arm-none-eabi/12.3.1/../../../../arm-none-eabi/lib/thumb/v6-m/nofp\libc_nano.a(libc_a-assert.o)
                0x08004c40                __assert_func
 .text._free_r  0x08004c7c       0x94 C:/ST/STM32CubeIDE_1.16.0/STM32CubeIDE/plugins/com.st.stm32cube.ide.mcu.externaltools.gnu-tools-for-stm32.12.3.rel1.win32_1.0.200.202406191623/tools/bin/../lib/gcc/arm-none-eabi/12.3.1/../../../../arm-none-eabi/lib/thumb/v6-m/nofp\libc_nano.a(libc_a-freer.o)
                0x08004c7c                _free_r
 .text.malloc   0x08004d10       0x14 C:/ST/STM32CubeIDE_1.16.0/STM32CubeIDE/plugins/com.st.stm32cube.ide.mcu.externaltools.gnu-tools-for-stm32.12.3.rel1.win32_1.0.200.202406191623/tools/bin/../lib/gcc/arm-none-eabi/12.3.1/../../../../arm-none-eabi/lib/thumb/v6-m/nofp\libc_nano.a(libc_a-malloc.o)
                0x08004d10                malloc
 .text.sbrk_aligned
                0x08004d24       0x44 C:/ST/STM32CubeIDE_1.16.0/STM32CubeIDE/plugins/com.st.stm32cube.ide.mcu.externaltools.gnu-tools-for-stm32.12.3.rel1.win32_1.0.200.202406191623/tools/bin/../lib/gcc/arm-none-eabi/12.3.1/../../../../arm-none-eabi/lib/thumb/v6-m/nofp\libc_nano.a(libc_a-mallocr.o)
 .text._malloc_r
                0x08004d68      0x100 C:/ST/STM32CubeIDE_1.16.0/STM32CubeIDE/plugins/com.st.stm32cube.ide.mcu.externaltools.gnu-tools-for-stm32.12.3.rel1.win32_1.0.200.202406191623/tools/bin/../lib/gcc/arm-none-eabi/12.3.1/../../../../arm-none-eabi/lib/thumb/v6-m/nofp\libc_nano.a(libc_a-mallocr.o)
                0x08004d68                _malloc_r
 .text.__malloc_lock
                0x08004e68       0x10 C:/ST/STM32CubeIDE_1.16.0/STM32CubeIDE/plugins/com.st.stm32cube.ide.mcu.externaltools.gnu-tools-for-stm32.12.3.rel1.win32_1.0.200.202406191623/tools/bin/../lib/gcc/arm-none-eabi/12.3.1/../../../../arm-none-eabi/lib/thumb/v6-m/nofp\libc_nano.a(libc_a-mlock.o)
                0x08004e68                __malloc_lock
 .text.__malloc_unlock
                0x08004e78       0x10 C:/ST/STM32CubeIDE_1.16.0/STM32CubeIDE/plugins/com.st.stm32cube.ide.mcu.externaltools.gnu-tools-for-stm32.12.3.rel1.win32_1.0.200.202406191623/tools/bin/../lib/gcc/arm-none-eabi/12.3.1/../../../../arm-none-eabi/lib/thumb/v6-m/nofp\libc_nano.a(libc_a-mlock.o)
                0x08004e78                __malloc_unlock
 .text.__sflush_r
                0x08004e88      0x10c C:/ST/STM32CubeIDE_1.16.0/STM32CubeIDE/plugins/com.st.stm32cube.ide.mcu.externaltools.gnu-tools-for-stm32.12.3.rel1.win32_1.0.200.202406191623/tools/bin/../lib/gcc/arm-none-eabi/12.3.1/../../../../arm-none-eabi/lib/thumb/v6-m/nofp\libc_nano.a(libc_a-fflush.o)
                0x08004e88                __sflush_r
 .text._fflush_r
                0x08004f94       0x56 C:/ST/STM32CubeIDE_1.16.0/STM32CubeIDE/plugins/com.st.stm32cube.ide.mcu.externaltools.gnu-tools-for-stm32.12.3.rel1.win32_1.0.200.202406191623/tools/bin/../lib/gcc/arm-none-eabi/12.3.1/../../../../arm-none-eabi/lib/thumb/v6-m/nofp\libc_nano.a(libc_a-fflush.o)
                0x08004f94                _fflush_r
 *fill*         0x08004fea        0x2 
 .text.fprintf  0x08004fec       0x20 C:/ST/STM32CubeIDE_1.16.0/STM32CubeIDE/plugins/com.st.stm32cube.ide.mcu.externaltools.gnu-tools-for-stm32.12.3.rel1.win32_1.0.200.202406191623/tools/bin/../lib/gcc/arm-none-eabi/12.3.1/../../../../arm-none-eabi/lib/thumb/v6-m/nofp\libc_nano.a(libc_a-fprintf.o)
                0x08004fec                fiprintf
                0x08004fec                fprintf
 .text._sbrk_r  0x0800500c       0x24 C:/ST/STM32CubeIDE_1.16.0/STM32CubeIDE/plugins/com.st.stm32cube.ide.mcu.externaltools.gnu-tools-for-stm32.12.3.rel1.win32_1.0.200.202406191623/tools/bin/../lib/gcc/arm-none-eabi/12.3.1/../../../../arm-none-eabi/lib/thumb/v6-m/nofp\libc_nano.a(libc_a-sbrkr.o)
                0x0800500c                _sbrk_r
 .text.abort    0x08005030        0xe C:/ST/STM32CubeIDE_1.16.0/STM32CubeIDE/plugins/com.st.stm32cube.ide.mcu.externaltools.gnu-tools-for-stm32.12.3.rel1.win32_1.0.200.202406191623/tools/bin/../lib/gcc/arm-none-eabi/12.3.1/../../../../arm-none-eabi/lib/thumb/v6-m/nofp\libc_nano.a(libc_a-abort.o)
                0x08005030                abort
 .text.__sfputc_r
                0x0800503e       0x2a C:/ST/STM32CubeIDE_1.16.0/STM32CubeIDE/plugins/com.st.stm32cube.ide.mcu.externaltools.gnu-tools-for-stm32.12.3.rel1.win32_1.0.200.202406191623/tools/bin/../lib/gcc/arm-none-eabi/12.3.1/../../../../arm-none-eabi/lib/thumb/v6-m/nofp\libc_nano.a(libc_a-nano-vfprintf.o)
 .text.__sfputs_r
                0x08005068       0x24 C:/ST/STM32CubeIDE_1.16.0/STM32CubeIDE/plugins/com.st.stm32cube.ide.mcu.externaltools.gnu-tools-for-stm32.12.3.rel1.win32_1.0.200.202406191623/tools/bin/../lib/gcc/arm-none-eabi/12.3.1/../../../../arm-none-eabi/lib/thumb/v6-m/nofp\libc_nano.a(libc_a-nano-vfprintf.o)
                0x08005068                __sfputs_r
 .text._vfprintf_r
                0x0800508c      0x238 C:/ST/STM32CubeIDE_1.16.0/STM32CubeIDE/plugins/com.st.stm32cube.ide.mcu.externaltools.gnu-tools-for-stm32.12.3.rel1.win32_1.0.200.202406191623/tools/bin/../lib/gcc/arm-none-eabi/12.3.1/../../../../arm-none-eabi/lib/thumb/v6-m/nofp\libc_nano.a(libc_a-nano-vfprintf.o)
                0x0800508c                _vfprintf_r
                0x0800508c                _vfiprintf_r
 .text._printf_common
                0x080052c4       0xde C:/ST/STM32CubeIDE_1.16.0/STM32CubeIDE/plugins/com.st.stm32cube.ide.mcu.externaltools.gnu-tools-for-stm32.12.3.rel1.win32_1.0.200.202406191623/tools/bin/../lib/gcc/arm-none-eabi/12.3.1/../../../../arm-none-eabi/lib/thumb/v6-m/nofp\libc_nano.a(libc_a-nano-vfprintf_i.o)
                0x080052c4                _printf_common
 *fill*         0x080053a2        0x2 
 .text._printf_i
                0x080053a4      0x21c C:/ST/STM32CubeIDE_1.16.0/STM32CubeIDE/plugins/com.st.stm32cube.ide.mcu.externaltools.gnu-tools-for-stm32.12.3.rel1.win32_1.0.200.202406191623/tools/bin/../lib/gcc/arm-none-eabi/12.3.1/../../../../arm-none-eabi/lib/thumb/v6-m/nofp\libc_nano.a(libc_a-nano-vfprintf_i.o)
                0x080053a4                _printf_i
 .text.__swbuf_r
                0x080055c0       0x84 C:/ST/STM32CubeIDE_1.16.0/STM32CubeIDE/plugins/com.st.stm32cube.ide.mcu.externaltools.gnu-tools-for-stm32.12.3.rel1.win32_1.0.200.202406191623/tools/bin/../lib/gcc/arm-none-eabi/12.3.1/../../../../arm-none-eabi/lib/thumb/v6-m/nofp\libc_nano.a(libc_a-wbuf.o)
                0x080055c0                __swbuf_r
 .text.__swsetup_r
                0x08005644       0xbc C:/ST/STM32CubeIDE_1.16.0/STM32CubeIDE/plugins/com.st.stm32cube.ide.mcu.externaltools.gnu-tools-for-stm32.12.3.rel1.win32_1.0.200.202406191623/tools/bin/../lib/gcc/arm-none-eabi/12.3.1/../../../../arm-none-eabi/lib/thumb/v6-m/nofp\libc_nano.a(libc_a-wsetup.o)
                0x08005644                __swsetup_r
 .text._raise_r
                0x08005700       0x52 C:/ST/STM32CubeIDE_1.16.0/STM32CubeIDE/plugins/com.st.stm32cube.ide.mcu.externaltools.gnu-tools-for-stm32.12.3.rel1.win32_1.0.200.202406191623/tools/bin/../lib/gcc/arm-none-eabi/12.3.1/../../../../arm-none-eabi/lib/thumb/v6-m/nofp\libc_nano.a(libc_a-signal.o)
                0x08005700                _raise_r
 *fill*         0x08005752        0x2 
 .text.raise    0x08005754       0x14 C:/ST/STM32CubeIDE_1.16.0/STM32CubeIDE/plugins/com.st.stm32cube.ide.mcu.externaltools.gnu-tools-for-stm32.12.3.rel1.win32_1.0.200.202406191623/tools/bin/../lib/gcc/arm-none-eabi/12.3.1/../../../../arm-none-eabi/lib/thumb/v6-m/nofp\libc_nano.a(libc_a-signal.o)
                0x08005754                raise
 .text._kill_r  0x08005768       0x24 C:/ST/STM32CubeIDE_1.16.0/STM32CubeIDE/plugins/com.st.stm32cube.ide.mcu.externaltools.gnu-tools-for-stm32.12.3.rel1.win32_1.0.200.202406191623/tools/bin/../lib/gcc/arm-none-eabi/12.3.1/../../../../arm-none-eabi/lib/thumb/v6-m/nofp\libc_nano.a(libc_a-signalr.o)
                0x08005768                _kill_r
 .text._getpid_r
                0x0800578c        0x8 C:/ST/STM32CubeIDE_1.16.0/STM32CubeIDE/plugins/com.st.stm32cube.ide.mcu.externaltools.gnu-tools-for-stm32.12.3.rel1.win32_1.0.200.202406191623/tools/bin/../lib/gcc/arm-none-eabi/12.3.1/../../../../arm-none-eabi/lib/thumb/v6-m/nofp\libc_nano.a(libc_a-signalr.o)
                0x0800578c                _getpid_r
 .text.memchr   0x08005794       0x16 C:/ST/STM32CubeIDE_1.16.0/STM32CubeIDE/plugins/com.st.stm32cube.ide.mcu.externaltools.gnu-tools-for-stm32.12.3.rel1.win32_1.0.200.202406191623/tools/bin/../lib/gcc/arm-none-eabi/12.3.1/../../../../arm-none-eabi/lib/thumb/v6-m/nofp\libc_nano.a(libc_a-memchr-stub.o)
                0x08005794                memchr
 *fill*         0x080057aa        0x2 
 .text.__swhatbuf_r
                0x080057ac       0x54 C:/ST/STM32CubeIDE_1.16.0/STM32CubeIDE/plugins/com.st.stm32cube.ide.mcu.externaltools.gnu-tools-for-stm32.12.3.rel1.win32_1.0.200.202406191623/tools/bin/../lib/gcc/arm-none-eabi/12.3.1/../../../../arm-none-eabi/lib/thumb/v6-m/nofp\libc_nano.a(libc_a-makebuf.o)
                0x080057ac                __swhatbuf_r
 .text.__smakebuf_r
                0x08005800       0x82 C:/ST/STM32CubeIDE_1.16.0/STM32CubeIDE/plugins/com.st.stm32cube.ide.mcu.externaltools.gnu-tools-for-stm32.12.3.rel1.win32_1.0.200.202406191623/tools/bin/../lib/gcc/arm-none-eabi/12.3.1/../../../../arm-none-eabi/lib/thumb/v6-m/nofp\libc_nano.a(libc_a-makebuf.o)
                0x08005800                __smakebuf_r
 *fill*         0x08005882        0x2 
 .text._fstat_r
                0x08005884       0x24 C:/ST/STM32CubeIDE_1.16.0/STM32CubeIDE/plugins/com.st.stm32cube.ide.mcu.externaltools.gnu-tools-for-stm32.12.3.rel1.win32_1.0.200.202406191623/tools/bin/../lib/gcc/arm-none-eabi/12.3.1/../../../../arm-none-eabi/lib/thumb/v6-m/nofp\libc_nano.a(libc_a-fstatr.o)
                0x08005884                _fstat_r
 .text._isatty_r
                0x080058a8       0x24 C:/ST/STM32CubeIDE_1.16.0/STM32CubeIDE/plugins/com.st.stm32cube.ide.mcu.externaltools.gnu-tools-for-stm32.12.3.rel1.win32_1.0.200.202406191623/tools/bin/../lib/gcc/arm-none-eabi/12.3.1/../../../../arm-none-eabi/lib/thumb/v6-m/nofp\libc_nano.a(libc_a-isattyr.o)
                0x080058a8                _isatty_r
 *(.glue_7)
 .glue_7        0x080058cc        0x0 linker stubs
 *(.glue_7t)
 .glue_7t       0x080058cc        0x0 linker stubs
 *(.eh_frame)
 .eh_frame      0x080058cc        0x0 C:/ST/STM32CubeIDE_1.16.0/STM32CubeIDE/plugins/com.st.stm32cube.ide.mcu.externaltools.gnu-tools-for-stm32.12.3.rel1.win32_1.0.200.202406191623/tools/bin/../lib/gcc/arm-none-eabi/12.3.1/thumb/v6-m/nofp/crtbegin.o
 *(.init)
 .init          0x080058cc        0x4 C:/ST/STM32CubeIDE_1.16.0/STM32CubeIDE/plugins/com.st.stm32cube.ide.mcu.externaltools.gnu-tools-for-stm32.12.3.rel1.win32_1.0.200.202406191623/tools/bin/../lib/gcc/arm-none-eabi/12.3.1/thumb/v6-m/nofp/crti.o
                0x080058cc                _init
 .init          0x080058d0        0x8 C:/ST/STM32CubeIDE_1.16.0/STM32CubeIDE/plugins/com.st.stm32cube.ide.mcu.externaltools.gnu-tools-for-stm32.12.3.rel1.win32_1.0.200.202406191623/tools/bin/../lib/gcc/arm-none-eabi/12.3.1/thumb/v6-m/nofp/crtn.o
 *(.fini)
 .fini          0x080058d8        0x4 C:/ST/STM32CubeIDE_1.16.0/STM32CubeIDE/plugins/com.st.stm32cube.ide.mcu.externaltools.gnu-tools-for-stm32.12.3.rel1.win32_1.0.200.202406191623/tools/bin/../lib/gcc/arm-none-eabi/12.3.1/thumb/v6-m/nofp/crti.o
                0x080058d8                _fini
 .fini          0x080058dc        0x8 C:/ST/STM32CubeIDE_1.16.0/STM32CubeIDE/plugins/com.st.stm32cube.ide.mcu.externaltools.gnu-tools-for-stm32.12.3.rel1.win32_1.0.200.202406191623/tools/bin/../lib/gcc/arm-none-eabi/12.3.1/thumb/v6-m/nofp/crtn.o
                0x080058e4                        . = ALIGN (0x4)
                0x080058e4                        _etext = .

.vfp11_veneer   0x080058e4        0x0
 .vfp11_veneer  0x080058e4        0x0 linker stubs

.v4_bx          0x080058e4        0x0
 .v4_bx         0x080058e4        0x0 linker stubs

.iplt           0x080058e4        0x0
 .iplt          0x080058e4        0x0 C:/ST/STM32CubeIDE_1.16.0/STM32CubeIDE/plugins/com.st.stm32cube.ide.mcu.externaltools.gnu-tools-for-stm32.12.3.rel1.win32_1.0.200.202406191623/tools/bin/../lib/gcc/arm-none-eabi/12.3.1/thumb/v6-m/nofp/crtbegin.o

.rodata         0x080058e4      0x118
                0x080058e4                        . = ALIGN (0x4)
 *(.rodata)
 *(.rodata*)
 .rodata.AHBPrescTable
                0x080058e4       0x10 ./Core/Src/system_stm32f0xx.o
                0x080058e4                AHBPrescTable
 .rodata.APBPrescTable
                0x080058f4        0x8 ./Core/Src/system_stm32f0xx.o
                0x080058f4                APBPrescTable
 .rodata.aPLLMULFactorTable.1
                0x080058fc       0x10 ./Drivers/STM32F0xx_HAL_Driver/Src/stm32f0xx_hal_rcc.o
 .rodata.aPredivFactorTable.0
                0x0800590c       0x10 ./Drivers/STM32F0xx_HAL_Driver/Src/stm32f0xx_hal_rcc.o
 .rodata.srand.str1.1
                0x0800591c       0x6f C:/ST/STM32CubeIDE_1.16.0/STM32CubeIDE/plugins/com.st.stm32cube.ide.mcu.externaltools.gnu-tools-for-stm32.12.3.rel1.win32_1.0.200.202406191623/tools/bin/../lib/gcc/arm-none-eabi/12.3.1/../../../../arm-none-eabi/lib/thumb/v6-m/nofp\libc_nano.a(libc_a-rand.o)
 .rodata.__assert_func.str1.1
                0x0800598b       0x3c C:/ST/STM32CubeIDE_1.16.0/STM32CubeIDE/plugins/com.st.stm32cube.ide.mcu.externaltools.gnu-tools-for-stm32.12.3.rel1.win32_1.0.200.202406191623/tools/bin/../lib/gcc/arm-none-eabi/12.3.1/../../../../arm-none-eabi/lib/thumb/v6-m/nofp\libc_nano.a(libc_a-assert.o)
                                 0x3d (size before relaxing)
 .rodata._vfprintf_r.str1.1
                0x080059c7       0x11 C:/ST/STM32CubeIDE_1.16.0/STM32CubeIDE/plugins/com.st.stm32cube.ide.mcu.externaltools.gnu-tools-for-stm32.12.3.rel1.win32_1.0.200.202406191623/tools/bin/../lib/gcc/arm-none-eabi/12.3.1/../../../../arm-none-eabi/lib/thumb/v6-m/nofp\libc_nano.a(libc_a-nano-vfprintf.o)
 .rodata._printf_i.str1.1
                0x080059d8       0x22 C:/ST/STM32CubeIDE_1.16.0/STM32CubeIDE/plugins/com.st.stm32cube.ide.mcu.externaltools.gnu-tools-for-stm32.12.3.rel1.win32_1.0.200.202406191623/tools/bin/../lib/gcc/arm-none-eabi/12.3.1/../../../../arm-none-eabi/lib/thumb/v6-m/nofp\libc_nano.a(libc_a-nano-vfprintf_i.o)
                0x080059fc                        . = ALIGN (0x4)
 *fill*         0x080059fa        0x2 

.ARM.extab      0x080059fc        0x0
                0x080059fc                        . = ALIGN (0x4)
 *(.ARM.extab* .gnu.linkonce.armextab.*)
                0x080059fc                        . = ALIGN (0x4)

.ARM            0x080059fc        0x0
                0x080059fc                        . = ALIGN (0x4)
                0x080059fc                        __exidx_start = .
 *(.ARM.exidx*)
                0x080059fc                        __exidx_end = .
                0x080059fc                        . = ALIGN (0x4)

.preinit_array  0x080059fc        0x0
                0x080059fc                        . = ALIGN (0x4)
                0x080059fc                        PROVIDE (__preinit_array_start = .)
 *(.preinit_array*)
                0x080059fc                        PROVIDE (__preinit_array_end = .)
                0x080059fc                        . = ALIGN (0x4)

.init_array     0x080059fc        0x4
                0x080059fc                        . = ALIGN (0x4)
                0x080059fc                        PROVIDE (__init_array_start = .)
 *(SORT_BY_NAME(.init_array.*))
 *(.init_array*)
 .init_array    0x080059fc        0x4 C:/ST/STM32CubeIDE_1.16.0/STM32CubeIDE/plugins/com.st.stm32cube.ide.mcu.externaltools.gnu-tools-for-stm32.12.3.rel1.win32_1.0.200.202406191623/tools/bin/../lib/gcc/arm-none-eabi/12.3.1/thumb/v6-m/nofp/crtbegin.o
                0x08005a00                        PROVIDE (__init_array_end = .)
                0x08005a00                        . = ALIGN (0x4)

.fini_array     0x08005a00        0x4
                0x08005a00                        . = ALIGN (0x4)
                [!provide]                        PROVIDE (__fini_array_start = .)
 *(SORT_BY_NAME(.fini_array.*))
 *(.fini_array*)
 .fini_array    0x08005a00        0x4 C:/ST/STM32CubeIDE_1.16.0/STM32CubeIDE/plugins/com.st.stm32cube.ide.mcu.externaltools.gnu-tools-for-stm32.12.3.rel1.win32_1.0.200.202406191623/tools/bin/../lib/gcc/arm-none-eabi/12.3.1/thumb/v6-m/nofp/crtbegin.o
                [!provide]                        PROVIDE (__fini_array_end = .)
                0x08005a04                        . = ALIGN (0x4)
                0x08005a04                        _sidata = LOADADDR (.data)

.rel.dyn        0x08005a04        0x0
 .rel.iplt      0x08005a04        0x0 C:/ST/STM32CubeIDE_1.16.0/STM32CubeIDE/plugins/com.st.stm32cube.ide.mcu.externaltools.gnu-tools-for-stm32.12.3.rel1.win32_1.0.200.202406191623/tools/bin/../lib/gcc/arm-none-eabi/12.3.1/thumb/v6-m/nofp/crtbegin.o

.data           0x20000000       0x84 load address 0x08005a04
                0x20000000                        . = ALIGN (0x4)
                0x20000000                        _sdata = .
 *(.data)
 *(.data*)
 .data.randomNumber
                0x20000000        0xa ./Core/Src/main.o
                0x20000000                randomNumber
 *fill*         0x2000000a        0x2 
 .data.number_Of_Stick
                0x2000000c       0x10 ./Core/Src/main.o
                0x2000000c                number_Of_Stick
 .data.SystemCoreClock
                0x2000001c        0x4 ./Core/Src/system_stm32f0xx.o
                0x2000001c                SystemCoreClock
 .data.uwTickPrio
                0x20000020        0x4 ./Drivers/STM32F0xx_HAL_Driver/Src/stm32f0xx_hal.o
                0x20000020                uwTickPrio
 .data.uwTickFreq
                0x20000024        0x1 ./Drivers/STM32F0xx_HAL_Driver/Src/stm32f0xx_hal.o
                0x20000024                uwTickFreq
 *fill*         0x20000025        0x3 
 .data.__sglue  0x20000028        0xc C:/ST/STM32CubeIDE_1.16.0/STM32CubeIDE/plugins/com.st.stm32cube.ide.mcu.externaltools.gnu-tools-for-stm32.12.3.rel1.win32_1.0.200.202406191623/tools/bin/../lib/gcc/arm-none-eabi/12.3.1/../../../../arm-none-eabi/lib/thumb/v6-m/nofp\libc_nano.a(libc_a-findfp.o)
                0x20000028                __sglue
 .data._impure_ptr
                0x20000034        0x4 C:/ST/STM32CubeIDE_1.16.0/STM32CubeIDE/plugins/com.st.stm32cube.ide.mcu.externaltools.gnu-tools-for-stm32.12.3.rel1.win32_1.0.200.202406191623/tools/bin/../lib/gcc/arm-none-eabi/12.3.1/../../../../arm-none-eabi/lib/thumb/v6-m/nofp\libc_nano.a(libc_a-impure.o)
                0x20000034                _impure_ptr
 .data._impure_data
                0x20000038       0x4c C:/ST/STM32CubeIDE_1.16.0/STM32CubeIDE/plugins/com.st.stm32cube.ide.mcu.externaltools.gnu-tools-for-stm32.12.3.rel1.win32_1.0.200.202406191623/tools/bin/../lib/gcc/arm-none-eabi/12.3.1/../../../../arm-none-eabi/lib/thumb/v6-m/nofp\libc_nano.a(libc_a-impure.o)
                0x20000038                _impure_data
 *(.RamFunc)
 *(.RamFunc*)
                0x20000084                        . = ALIGN (0x4)
                0x20000084                        _edata = .

.igot.plt       0x20000084        0x0 load address 0x08005a88
 .igot.plt      0x20000084        0x0 C:/ST/STM32CubeIDE_1.16.0/STM32CubeIDE/plugins/com.st.stm32cube.ide.mcu.externaltools.gnu-tools-for-stm32.12.3.rel1.win32_1.0.200.202406191623/tools/bin/../lib/gcc/arm-none-eabi/12.3.1/thumb/v6-m/nofp/crtbegin.o
                0x20000084                        . = ALIGN (0x4)

.bss            0x20000088      0x49c load address 0x08005a88
                0x20000088                        _sbss = .
                0x20000088                        __bss_start__ = _sbss
 *(.bss)
 .bss           0x20000088       0x1c C:/ST/STM32CubeIDE_1.16.0/STM32CubeIDE/plugins/com.st.stm32cube.ide.mcu.externaltools.gnu-tools-for-stm32.12.3.rel1.win32_1.0.200.202406191623/tools/bin/../lib/gcc/arm-none-eabi/12.3.1/thumb/v6-m/nofp/crtbegin.o
 *(.bss*)
 .bss.EraseInitStruct.0
                0x200000a4        0xc ./Core/Src/FLASH_PAGE.o
 .bss.ask433    0x200000b0       0x9c ./Core/Src/ask_hal_stm32_none.o
                0x200000b0                ask433
 .bss.ask_learning_state
                0x2000014c        0x1 ./Core/Src/main.o
                0x2000014c                ask_learning_state
 .bss.game_State
                0x2000014d        0x1 ./Core/Src/main.o
                0x2000014d                game_State
 .bss.data      0x2000014e        0x2 ./Core/Src/main.o
                0x2000014e                data
 .bss.seed      0x20000150        0x4 ./Core/Src/main.o
                0x20000150                seed
 .bss.state_Of_Segment
                0x20000154        0x1 ./Core/Src/main.o
                0x20000154                state_Of_Segment
 .bss.timer_For_Ask_Lern
                0x20000155        0x1 ./Core/Src/main.o
                0x20000155                timer_For_Ask_Lern
 .bss.turn      0x20000156        0x1 ./Core/Src/main.o
                0x20000156                turn
 *fill*         0x20000157        0x1 
 .bss.rf433     0x20000158       0x9c ./Core/Src/main.o
                0x20000158                rf433
 .bss.ask_code_in_flash
                0x200001f4        0x4 ./Core/Src/main.o
                0x200001f4                ask_code_in_flash
 .bss.code      0x200001f8        0x5 ./Core/Src/main.o
                0x200001f8                code
 .bss.sticks_Of_Dropped
                0x200001fd        0x1 ./Core/Src/main.o
                0x200001fd                sticks_Of_Dropped
 .bss.button_Blinking
                0x200001fe        0x1 ./Core/Src/main.o
                0x200001fe                button_Blinking
 .bss.hold_timer_cnt
                0x200001ff        0x1 ./Core/Src/main.o
                0x200001ff                hold_timer_cnt
 .bss.not_hold_timer_cnt
                0x20000200        0x1 ./Core/Src/main.o
                0x20000200                not_hold_timer_cnt
 .bss.coin      0x20000201        0x1 ./Core/Src/main.o
                0x20000201                coin
 *fill*         0x20000202        0x2 
 .bss.__sbrk_heap_end
                0x20000204        0x4 ./Core/Src/sysmem.o
 .bss.htim3     0x20000208       0x48 ./Core/Src/tim.o
                0x20000208                htim3
 .bss.htim6     0x20000250       0x48 ./Core/Src/tim.o
                0x20000250                htim6
 .bss.htim14    0x20000298       0x48 ./Core/Src/tim.o
                0x20000298                htim14
 .bss.htim15    0x200002e0       0x48 ./Core/Src/tim.o
                0x200002e0                htim15
 .bss.huart2    0x20000328       0x88 ./Core/Src/usart.o
                0x20000328                huart2
 .bss.uwTick    0x200003b0        0x4 ./Drivers/STM32F0xx_HAL_Driver/Src/stm32f0xx_hal.o
                0x200003b0                uwTick
 *fill*         0x200003b4        0x4 
 .bss.pFlash    0x200003b8       0x20 ./Drivers/STM32F0xx_HAL_Driver/Src/stm32f0xx_hal_flash.o
                0x200003b8                pFlash
 .bss.__sf      0x200003d8      0x138 C:/ST/STM32CubeIDE_1.16.0/STM32CubeIDE/plugins/com.st.stm32cube.ide.mcu.externaltools.gnu-tools-for-stm32.12.3.rel1.win32_1.0.200.202406191623/tools/bin/../lib/gcc/arm-none-eabi/12.3.1/../../../../arm-none-eabi/lib/thumb/v6-m/nofp\libc_nano.a(libc_a-findfp.o)
                0x200003d8                __sf
 .bss.__stdio_exit_handler
                0x20000510        0x4 C:/ST/STM32CubeIDE_1.16.0/STM32CubeIDE/plugins/com.st.stm32cube.ide.mcu.externaltools.gnu-tools-for-stm32.12.3.rel1.win32_1.0.200.202406191623/tools/bin/../lib/gcc/arm-none-eabi/12.3.1/../../../../arm-none-eabi/lib/thumb/v6-m/nofp\libc_nano.a(libc_a-findfp.o)
                0x20000510                __stdio_exit_handler
 .bss.errno     0x20000514        0x4 C:/ST/STM32CubeIDE_1.16.0/STM32CubeIDE/plugins/com.st.stm32cube.ide.mcu.externaltools.gnu-tools-for-stm32.12.3.rel1.win32_1.0.200.202406191623/tools/bin/../lib/gcc/arm-none-eabi/12.3.1/../../../../arm-none-eabi/lib/thumb/v6-m/nofp\libc_nano.a(libc_a-reent.o)
                0x20000514                errno
 .bss.__lock___malloc_recursive_mutex
                0x20000518        0x1 C:/ST/STM32CubeIDE_1.16.0/STM32CubeIDE/plugins/com.st.stm32cube.ide.mcu.externaltools.gnu-tools-for-stm32.12.3.rel1.win32_1.0.200.202406191623/tools/bin/../lib/gcc/arm-none-eabi/12.3.1/../../../../arm-none-eabi/lib/thumb/v6-m/nofp\libc_nano.a(libc_a-lock.o)
                0x20000518                __lock___malloc_recursive_mutex
 .bss.__lock___sfp_recursive_mutex
                0x20000519        0x1 C:/ST/STM32CubeIDE_1.16.0/STM32CubeIDE/plugins/com.st.stm32cube.ide.mcu.externaltools.gnu-tools-for-stm32.12.3.rel1.win32_1.0.200.202406191623/tools/bin/../lib/gcc/arm-none-eabi/12.3.1/../../../../arm-none-eabi/lib/thumb/v6-m/nofp\libc_nano.a(libc_a-lock.o)
                0x20000519                __lock___sfp_recursive_mutex
 *fill*         0x2000051a        0x2 
 .bss.__malloc_sbrk_start
                0x2000051c        0x4 C:/ST/STM32CubeIDE_1.16.0/STM32CubeIDE/plugins/com.st.stm32cube.ide.mcu.externaltools.gnu-tools-for-stm32.12.3.rel1.win32_1.0.200.202406191623/tools/bin/../lib/gcc/arm-none-eabi/12.3.1/../../../../arm-none-eabi/lib/thumb/v6-m/nofp\libc_nano.a(libc_a-mallocr.o)
                0x2000051c                __malloc_sbrk_start
 .bss.__malloc_free_list
                0x20000520        0x4 C:/ST/STM32CubeIDE_1.16.0/STM32CubeIDE/plugins/com.st.stm32cube.ide.mcu.externaltools.gnu-tools-for-stm32.12.3.rel1.win32_1.0.200.202406191623/tools/bin/../lib/gcc/arm-none-eabi/12.3.1/../../../../arm-none-eabi/lib/thumb/v6-m/nofp\libc_nano.a(libc_a-mallocr.o)
                0x20000520                __malloc_free_list
 *(COMMON)
                0x20000524                        . = ALIGN (0x4)
                0x20000524                        _ebss = .
                0x20000524                        __bss_end__ = _ebss

._user_heap_stack
                0x20000524      0x604 load address 0x08005a88
                0x20000528                        . = ALIGN (0x8)
 *fill*         0x20000524        0x4 
                [!provide]                        PROVIDE (end = .)
                0x20000528                        PROVIDE (_end = .)
                0x20000728                        . = (. + _Min_Heap_Size)
 *fill*         0x20000528      0x200 
                0x20000b28                        . = (. + _Min_Stack_Size)
 *fill*         0x20000728      0x400 
                0x20000b28                        . = ALIGN (0x8)

/DISCARD/
 libc.a(*)
 libm.a(*)
 libgcc.a(*)

.ARM.attributes
                0x00000000       0x28
 *(.ARM.attributes)
 .ARM.attributes
                0x00000000       0x1e C:/ST/STM32CubeIDE_1.16.0/STM32CubeIDE/plugins/com.st.stm32cube.ide.mcu.externaltools.gnu-tools-for-stm32.12.3.rel1.win32_1.0.200.202406191623/tools/bin/../lib/gcc/arm-none-eabi/12.3.1/thumb/v6-m/nofp/crti.o
 .ARM.attributes
                0x0000001e       0x2c C:/ST/STM32CubeIDE_1.16.0/STM32CubeIDE/plugins/com.st.stm32cube.ide.mcu.externaltools.gnu-tools-for-stm32.12.3.rel1.win32_1.0.200.202406191623/tools/bin/../lib/gcc/arm-none-eabi/12.3.1/thumb/v6-m/nofp/crtbegin.o
 .ARM.attributes
                0x0000004a       0x2c ./Core/Src/DFPLAYER_MINI.o
 .ARM.attributes
                0x00000076       0x2c ./Core/Src/FLASH_PAGE.o
 .ARM.attributes
                0x000000a2       0x2c ./Core/Src/ask.o
 .ARM.attributes
                0x000000ce       0x2c ./Core/Src/ask_hal_stm32_none.o
 .ARM.attributes
                0x000000fa       0x2c ./Core/Src/gpio.o
 .ARM.attributes
                0x00000126       0x2c ./Core/Src/main.o
 .ARM.attributes
                0x00000152       0x2c ./Core/Src/stm32f0xx_hal_msp.o
 .ARM.attributes
                0x0000017e       0x2c ./Core/Src/stm32f0xx_it.o
 .ARM.attributes
                0x000001aa       0x2c ./Core/Src/syscalls.o
 .ARM.attributes
                0x000001d6       0x2c ./Core/Src/sysmem.o
 .ARM.attributes
                0x00000202       0x2c ./Core/Src/system_stm32f0xx.o
 .ARM.attributes
                0x0000022e       0x2c ./Core/Src/tim.o
 .ARM.attributes
                0x0000025a       0x2c ./Core/Src/usart.o
 .ARM.attributes
                0x00000286       0x21 ./Core/Startup/startup_stm32f030c8tx.o
 .ARM.attributes
                0x000002a7       0x2c ./Drivers/STM32F0xx_HAL_Driver/Src/stm32f0xx_hal.o
 .ARM.attributes
                0x000002d3       0x2c ./Drivers/STM32F0xx_HAL_Driver/Src/stm32f0xx_hal_cortex.o
 .ARM.attributes
                0x000002ff       0x2c ./Drivers/STM32F0xx_HAL_Driver/Src/stm32f0xx_hal_flash.o
 .ARM.attributes
                0x0000032b       0x2c ./Drivers/STM32F0xx_HAL_Driver/Src/stm32f0xx_hal_flash_ex.o
 .ARM.attributes
                0x00000357       0x2c ./Drivers/STM32F0xx_HAL_Driver/Src/stm32f0xx_hal_gpio.o
 .ARM.attributes
                0x00000383       0x2c ./Drivers/STM32F0xx_HAL_Driver/Src/stm32f0xx_hal_rcc.o
 .ARM.attributes
                0x000003af       0x2c ./Drivers/STM32F0xx_HAL_Driver/Src/stm32f0xx_hal_tim.o
 .ARM.attributes
                0x000003db       0x2c ./Drivers/STM32F0xx_HAL_Driver/Src/stm32f0xx_hal_tim_ex.o
 .ARM.attributes
                0x00000407       0x2c ./Drivers/STM32F0xx_HAL_Driver/Src/stm32f0xx_hal_uart.o
 .ARM.attributes
                0x00000433       0x2c C:/ST/STM32CubeIDE_1.16.0/STM32CubeIDE/plugins/com.st.stm32cube.ide.mcu.externaltools.gnu-tools-for-stm32.12.3.rel1.win32_1.0.200.202406191623/tools/bin/../lib/gcc/arm-none-eabi/12.3.1/../../../../arm-none-eabi/lib/thumb/v6-m/nofp\libc_nano.a(libc_a-rand.o)
 .ARM.attributes
                0x0000045f       0x2c C:/ST/STM32CubeIDE_1.16.0/STM32CubeIDE/plugins/com.st.stm32cube.ide.mcu.externaltools.gnu-tools-for-stm32.12.3.rel1.win32_1.0.200.202406191623/tools/bin/../lib/gcc/arm-none-eabi/12.3.1/../../../../arm-none-eabi/lib/thumb/v6-m/nofp\libc_nano.a(libc_a-findfp.o)
 .ARM.attributes
                0x0000048b       0x2c C:/ST/STM32CubeIDE_1.16.0/STM32CubeIDE/plugins/com.st.stm32cube.ide.mcu.externaltools.gnu-tools-for-stm32.12.3.rel1.win32_1.0.200.202406191623/tools/bin/../lib/gcc/arm-none-eabi/12.3.1/../../../../arm-none-eabi/lib/thumb/v6-m/nofp\libc_nano.a(libc_a-fwalk.o)
 .ARM.attributes
                0x000004b7       0x2c C:/ST/STM32CubeIDE_1.16.0/STM32CubeIDE/plugins/com.st.stm32cube.ide.mcu.externaltools.gnu-tools-for-stm32.12.3.rel1.win32_1.0.200.202406191623/tools/bin/../lib/gcc/arm-none-eabi/12.3.1/../../../../arm-none-eabi/lib/thumb/v6-m/nofp\libc_nano.a(libc_a-stdio.o)
 .ARM.attributes
                0x000004e3       0x2c C:/ST/STM32CubeIDE_1.16.0/STM32CubeIDE/plugins/com.st.stm32cube.ide.mcu.externaltools.gnu-tools-for-stm32.12.3.rel1.win32_1.0.200.202406191623/tools/bin/../lib/gcc/arm-none-eabi/12.3.1/../../../../arm-none-eabi/lib/thumb/v6-m/nofp\libc_nano.a(libc_a-memset.o)
 .ARM.attributes
                0x0000050f       0x2c C:/ST/STM32CubeIDE_1.16.0/STM32CubeIDE/plugins/com.st.stm32cube.ide.mcu.externaltools.gnu-tools-for-stm32.12.3.rel1.win32_1.0.200.202406191623/tools/bin/../lib/gcc/arm-none-eabi/12.3.1/../../../../arm-none-eabi/lib/thumb/v6-m/nofp\libc_nano.a(libc_a-closer.o)
 .ARM.attributes
                0x0000053b       0x2c C:/ST/STM32CubeIDE_1.16.0/STM32CubeIDE/plugins/com.st.stm32cube.ide.mcu.externaltools.gnu-tools-for-stm32.12.3.rel1.win32_1.0.200.202406191623/tools/bin/../lib/gcc/arm-none-eabi/12.3.1/../../../../arm-none-eabi/lib/thumb/v6-m/nofp\libc_nano.a(libc_a-reent.o)
 .ARM.attributes
                0x00000567       0x2c C:/ST/STM32CubeIDE_1.16.0/STM32CubeIDE/plugins/com.st.stm32cube.ide.mcu.externaltools.gnu-tools-for-stm32.12.3.rel1.win32_1.0.200.202406191623/tools/bin/../lib/gcc/arm-none-eabi/12.3.1/../../../../arm-none-eabi/lib/thumb/v6-m/nofp\libc_nano.a(libc_a-impure.o)
 .ARM.attributes
                0x00000593       0x2c C:/ST/STM32CubeIDE_1.16.0/STM32CubeIDE/plugins/com.st.stm32cube.ide.mcu.externaltools.gnu-tools-for-stm32.12.3.rel1.win32_1.0.200.202406191623/tools/bin/../lib/gcc/arm-none-eabi/12.3.1/../../../../arm-none-eabi/lib/thumb/v6-m/nofp\libc_nano.a(libc_a-lseekr.o)
 .ARM.attributes
                0x000005bf       0x2c C:/ST/STM32CubeIDE_1.16.0/STM32CubeIDE/plugins/com.st.stm32cube.ide.mcu.externaltools.gnu-tools-for-stm32.12.3.rel1.win32_1.0.200.202406191623/tools/bin/../lib/gcc/arm-none-eabi/12.3.1/../../../../arm-none-eabi/lib/thumb/v6-m/nofp\libc_nano.a(libc_a-readr.o)
 .ARM.attributes
                0x000005eb       0x2c C:/ST/STM32CubeIDE_1.16.0/STM32CubeIDE/plugins/com.st.stm32cube.ide.mcu.externaltools.gnu-tools-for-stm32.12.3.rel1.win32_1.0.200.202406191623/tools/bin/../lib/gcc/arm-none-eabi/12.3.1/../../../../arm-none-eabi/lib/thumb/v6-m/nofp\libc_nano.a(libc_a-writer.o)
 .ARM.attributes
                0x00000617       0x2c C:/ST/STM32CubeIDE_1.16.0/STM32CubeIDE/plugins/com.st.stm32cube.ide.mcu.externaltools.gnu-tools-for-stm32.12.3.rel1.win32_1.0.200.202406191623/tools/bin/../lib/gcc/arm-none-eabi/12.3.1/../../../../arm-none-eabi/lib/thumb/v6-m/nofp\libc_nano.a(libc_a-errno.o)
 .ARM.attributes
                0x00000643       0x2c C:/ST/STM32CubeIDE_1.16.0/STM32CubeIDE/plugins/com.st.stm32cube.ide.mcu.externaltools.gnu-tools-for-stm32.12.3.rel1.win32_1.0.200.202406191623/tools/bin/../lib/gcc/arm-none-eabi/12.3.1/../../../../arm-none-eabi/lib/thumb/v6-m/nofp\libc_nano.a(libc_a-init.o)
 .ARM.attributes
                0x0000066f       0x2c C:/ST/STM32CubeIDE_1.16.0/STM32CubeIDE/plugins/com.st.stm32cube.ide.mcu.externaltools.gnu-tools-for-stm32.12.3.rel1.win32_1.0.200.202406191623/tools/bin/../lib/gcc/arm-none-eabi/12.3.1/../../../../arm-none-eabi/lib/thumb/v6-m/nofp\libc_nano.a(libc_a-lock.o)
 .ARM.attributes
                0x0000069b       0x2c C:/ST/STM32CubeIDE_1.16.0/STM32CubeIDE/plugins/com.st.stm32cube.ide.mcu.externaltools.gnu-tools-for-stm32.12.3.rel1.win32_1.0.200.202406191623/tools/bin/../lib/gcc/arm-none-eabi/12.3.1/../../../../arm-none-eabi/lib/thumb/v6-m/nofp\libc_nano.a(libc_a-memcpy-stub.o)
 .ARM.attributes
                0x000006c7       0x2c C:/ST/STM32CubeIDE_1.16.0/STM32CubeIDE/plugins/com.st.stm32cube.ide.mcu.externaltools.gnu-tools-for-stm32.12.3.rel1.win32_1.0.200.202406191623/tools/bin/../lib/gcc/arm-none-eabi/12.3.1/../../../../arm-none-eabi/lib/thumb/v6-m/nofp\libc_nano.a(libc_a-assert.o)
 .ARM.attributes
                0x000006f3       0x2c C:/ST/STM32CubeIDE_1.16.0/STM32CubeIDE/plugins/com.st.stm32cube.ide.mcu.externaltools.gnu-tools-for-stm32.12.3.rel1.win32_1.0.200.202406191623/tools/bin/../lib/gcc/arm-none-eabi/12.3.1/../../../../arm-none-eabi/lib/thumb/v6-m/nofp\libc_nano.a(libc_a-freer.o)
 .ARM.attributes
                0x0000071f       0x2c C:/ST/STM32CubeIDE_1.16.0/STM32CubeIDE/plugins/com.st.stm32cube.ide.mcu.externaltools.gnu-tools-for-stm32.12.3.rel1.win32_1.0.200.202406191623/tools/bin/../lib/gcc/arm-none-eabi/12.3.1/../../../../arm-none-eabi/lib/thumb/v6-m/nofp\libc_nano.a(libc_a-malloc.o)
 .ARM.attributes
                0x0000074b       0x2c C:/ST/STM32CubeIDE_1.16.0/STM32CubeIDE/plugins/com.st.stm32cube.ide.mcu.externaltools.gnu-tools-for-stm32.12.3.rel1.win32_1.0.200.202406191623/tools/bin/../lib/gcc/arm-none-eabi/12.3.1/../../../../arm-none-eabi/lib/thumb/v6-m/nofp\libc_nano.a(libc_a-mallocr.o)
 .ARM.attributes
                0x00000777       0x2c C:/ST/STM32CubeIDE_1.16.0/STM32CubeIDE/plugins/com.st.stm32cube.ide.mcu.externaltools.gnu-tools-for-stm32.12.3.rel1.win32_1.0.200.202406191623/tools/bin/../lib/gcc/arm-none-eabi/12.3.1/../../../../arm-none-eabi/lib/thumb/v6-m/nofp\libc_nano.a(libc_a-mlock.o)
 .ARM.attributes
                0x000007a3       0x2c C:/ST/STM32CubeIDE_1.16.0/STM32CubeIDE/plugins/com.st.stm32cube.ide.mcu.externaltools.gnu-tools-for-stm32.12.3.rel1.win32_1.0.200.202406191623/tools/bin/../lib/gcc/arm-none-eabi/12.3.1/../../../../arm-none-eabi/lib/thumb/v6-m/nofp\libc_nano.a(libc_a-fflush.o)
 .ARM.attributes
                0x000007cf       0x2c C:/ST/STM32CubeIDE_1.16.0/STM32CubeIDE/plugins/com.st.stm32cube.ide.mcu.externaltools.gnu-tools-for-stm32.12.3.rel1.win32_1.0.200.202406191623/tools/bin/../lib/gcc/arm-none-eabi/12.3.1/../../../../arm-none-eabi/lib/thumb/v6-m/nofp\libc_nano.a(libc_a-fprintf.o)
 .ARM.attributes
                0x000007fb       0x2c C:/ST/STM32CubeIDE_1.16.0/STM32CubeIDE/plugins/com.st.stm32cube.ide.mcu.externaltools.gnu-tools-for-stm32.12.3.rel1.win32_1.0.200.202406191623/tools/bin/../lib/gcc/arm-none-eabi/12.3.1/../../../../arm-none-eabi/lib/thumb/v6-m/nofp\libc_nano.a(libc_a-sbrkr.o)
 .ARM.attributes
                0x00000827       0x2c C:/ST/STM32CubeIDE_1.16.0/STM32CubeIDE/plugins/com.st.stm32cube.ide.mcu.externaltools.gnu-tools-for-stm32.12.3.rel1.win32_1.0.200.202406191623/tools/bin/../lib/gcc/arm-none-eabi/12.3.1/../../../../arm-none-eabi/lib/thumb/v6-m/nofp\libc_nano.a(libc_a-abort.o)
 .ARM.attributes
                0x00000853       0x2c C:/ST/STM32CubeIDE_1.16.0/STM32CubeIDE/plugins/com.st.stm32cube.ide.mcu.externaltools.gnu-tools-for-stm32.12.3.rel1.win32_1.0.200.202406191623/tools/bin/../lib/gcc/arm-none-eabi/12.3.1/../../../../arm-none-eabi/lib/thumb/v6-m/nofp\libc_nano.a(libc_a-nano-vfprintf.o)
 .ARM.attributes
                0x0000087f       0x2c C:/ST/STM32CubeIDE_1.16.0/STM32CubeIDE/plugins/com.st.stm32cube.ide.mcu.externaltools.gnu-tools-for-stm32.12.3.rel1.win32_1.0.200.202406191623/tools/bin/../lib/gcc/arm-none-eabi/12.3.1/../../../../arm-none-eabi/lib/thumb/v6-m/nofp\libc_nano.a(libc_a-nano-vfprintf_i.o)
 .ARM.attributes
                0x000008ab       0x2c C:/ST/STM32CubeIDE_1.16.0/STM32CubeIDE/plugins/com.st.stm32cube.ide.mcu.externaltools.gnu-tools-for-stm32.12.3.rel1.win32_1.0.200.202406191623/tools/bin/../lib/gcc/arm-none-eabi/12.3.1/../../../../arm-none-eabi/lib/thumb/v6-m/nofp\libc_nano.a(libc_a-wbuf.o)
 .ARM.attributes
                0x000008d7       0x2c C:/ST/STM32CubeIDE_1.16.0/STM32CubeIDE/plugins/com.st.stm32cube.ide.mcu.externaltools.gnu-tools-for-stm32.12.3.rel1.win32_1.0.200.202406191623/tools/bin/../lib/gcc/arm-none-eabi/12.3.1/../../../../arm-none-eabi/lib/thumb/v6-m/nofp\libc_nano.a(libc_a-wsetup.o)
 .ARM.attributes
                0x00000903       0x2c C:/ST/STM32CubeIDE_1.16.0/STM32CubeIDE/plugins/com.st.stm32cube.ide.mcu.externaltools.gnu-tools-for-stm32.12.3.rel1.win32_1.0.200.202406191623/tools/bin/../lib/gcc/arm-none-eabi/12.3.1/../../../../arm-none-eabi/lib/thumb/v6-m/nofp\libc_nano.a(libc_a-signal.o)
 .ARM.attributes
                0x0000092f       0x2c C:/ST/STM32CubeIDE_1.16.0/STM32CubeIDE/plugins/com.st.stm32cube.ide.mcu.externaltools.gnu-tools-for-stm32.12.3.rel1.win32_1.0.200.202406191623/tools/bin/../lib/gcc/arm-none-eabi/12.3.1/../../../../arm-none-eabi/lib/thumb/v6-m/nofp\libc_nano.a(libc_a-signalr.o)
 .ARM.attributes
                0x0000095b       0x2c C:/ST/STM32CubeIDE_1.16.0/STM32CubeIDE/plugins/com.st.stm32cube.ide.mcu.externaltools.gnu-tools-for-stm32.12.3.rel1.win32_1.0.200.202406191623/tools/bin/../lib/gcc/arm-none-eabi/12.3.1/../../../../arm-none-eabi/lib/thumb/v6-m/nofp\libc_nano.a(libc_a-memchr-stub.o)
 .ARM.attributes
                0x00000987       0x2c C:/ST/STM32CubeIDE_1.16.0/STM32CubeIDE/plugins/com.st.stm32cube.ide.mcu.externaltools.gnu-tools-for-stm32.12.3.rel1.win32_1.0.200.202406191623/tools/bin/../lib/gcc/arm-none-eabi/12.3.1/../../../../arm-none-eabi/lib/thumb/v6-m/nofp\libc_nano.a(libc_a-makebuf.o)
 .ARM.attributes
                0x000009b3       0x2c C:/ST/STM32CubeIDE_1.16.0/STM32CubeIDE/plugins/com.st.stm32cube.ide.mcu.externaltools.gnu-tools-for-stm32.12.3.rel1.win32_1.0.200.202406191623/tools/bin/../lib/gcc/arm-none-eabi/12.3.1/../../../../arm-none-eabi/lib/thumb/v6-m/nofp\libc_nano.a(libc_a-fstatr.o)
 .ARM.attributes
                0x000009df       0x2c C:/ST/STM32CubeIDE_1.16.0/STM32CubeIDE/plugins/com.st.stm32cube.ide.mcu.externaltools.gnu-tools-for-stm32.12.3.rel1.win32_1.0.200.202406191623/tools/bin/../lib/gcc/arm-none-eabi/12.3.1/../../../../arm-none-eabi/lib/thumb/v6-m/nofp\libc_nano.a(libc_a-isattyr.o)
 .ARM.attributes
                0x00000a0b       0x1e C:/ST/STM32CubeIDE_1.16.0/STM32CubeIDE/plugins/com.st.stm32cube.ide.mcu.externaltools.gnu-tools-for-stm32.12.3.rel1.win32_1.0.200.202406191623/tools/bin/../lib/gcc/arm-none-eabi/12.3.1/thumb/v6-m/nofp\libgcc.a(_thumb1_case_shi.o)
 .ARM.attributes
                0x00000a29       0x1e C:/ST/STM32CubeIDE_1.16.0/STM32CubeIDE/plugins/com.st.stm32cube.ide.mcu.externaltools.gnu-tools-for-stm32.12.3.rel1.win32_1.0.200.202406191623/tools/bin/../lib/gcc/arm-none-eabi/12.3.1/thumb/v6-m/nofp\libgcc.a(_udivsi3.o)
 .ARM.attributes
                0x00000a47       0x1e C:/ST/STM32CubeIDE_1.16.0/STM32CubeIDE/plugins/com.st.stm32cube.ide.mcu.externaltools.gnu-tools-for-stm32.12.3.rel1.win32_1.0.200.202406191623/tools/bin/../lib/gcc/arm-none-eabi/12.3.1/thumb/v6-m/nofp\libgcc.a(_divsi3.o)
 .ARM.attributes
                0x00000a65       0x1e C:/ST/STM32CubeIDE_1.16.0/STM32CubeIDE/plugins/com.st.stm32cube.ide.mcu.externaltools.gnu-tools-for-stm32.12.3.rel1.win32_1.0.200.202406191623/tools/bin/../lib/gcc/arm-none-eabi/12.3.1/thumb/v6-m/nofp\libgcc.a(_dvmd_tls.o)
 .ARM.attributes
                0x00000a83       0x2c C:/ST/STM32CubeIDE_1.16.0/STM32CubeIDE/plugins/com.st.stm32cube.ide.mcu.externaltools.gnu-tools-for-stm32.12.3.rel1.win32_1.0.200.202406191623/tools/bin/../lib/gcc/arm-none-eabi/12.3.1/thumb/v6-m/nofp\libgcc.a(_muldi3.o)
 .ARM.attributes
                0x00000aaf       0x1e C:/ST/STM32CubeIDE_1.16.0/STM32CubeIDE/plugins/com.st.stm32cube.ide.mcu.externaltools.gnu-tools-for-stm32.12.3.rel1.win32_1.0.200.202406191623/tools/bin/../lib/gcc/arm-none-eabi/12.3.1/thumb/v6-m/nofp/crtn.o
OUTPUT(Magnet_Game.elf elf32-littlearm)
LOAD linker stubs
LOAD C:/ST/STM32CubeIDE_1.16.0/STM32CubeIDE/plugins/com.st.stm32cube.ide.mcu.externaltools.gnu-tools-for-stm32.12.3.rel1.win32_1.0.200.202406191623/tools/bin/../lib/gcc/arm-none-eabi/12.3.1/../../../../arm-none-eabi/lib/thumb/v6-m/nofp\libc.a
LOAD C:/ST/STM32CubeIDE_1.16.0/STM32CubeIDE/plugins/com.st.stm32cube.ide.mcu.externaltools.gnu-tools-for-stm32.12.3.rel1.win32_1.0.200.202406191623/tools/bin/../lib/gcc/arm-none-eabi/12.3.1/../../../../arm-none-eabi/lib/thumb/v6-m/nofp\libm.a
LOAD C:/ST/STM32CubeIDE_1.16.0/STM32CubeIDE/plugins/com.st.stm32cube.ide.mcu.externaltools.gnu-tools-for-stm32.12.3.rel1.win32_1.0.200.202406191623/tools/bin/../lib/gcc/arm-none-eabi/12.3.1/thumb/v6-m/nofp\libgcc.a

.debug_info     0x00000000     0xf56b
 .debug_info    0x00000000      0x7c2 ./Core/Src/DFPLAYER_MINI.o
 .debug_info    0x000007c2      0x4d6 ./Core/Src/FLASH_PAGE.o
 .debug_info    0x00000c98      0x5bd ./Core/Src/ask.o
 .debug_info    0x00001255      0x97f ./Core/Src/ask_hal_stm32_none.o
 .debug_info    0x00001bd4      0x452 ./Core/Src/gpio.o
 .debug_info    0x00002026     0x103a ./Core/Src/main.o
 .debug_info    0x00003060      0x199 ./Core/Src/stm32f0xx_hal_msp.o
 .debug_info    0x000031f9      0x6a1 ./Core/Src/stm32f0xx_it.o
 .debug_info    0x0000389a      0x6a3 ./Core/Src/syscalls.o
 .debug_info    0x00003f3d      0x168 ./Core/Src/sysmem.o
 .debug_info    0x000040a5      0x242 ./Core/Src/system_stm32f0xx.o
 .debug_info    0x000042e7      0xa3a ./Core/Src/tim.o
 .debug_info    0x00004d21      0x92e ./Core/Src/usart.o
 .debug_info    0x0000564f       0x30 ./Core/Startup/startup_stm32f030c8tx.o
 .debug_info    0x0000567f      0x670 ./Drivers/STM32F0xx_HAL_Driver/Src/stm32f0xx_hal.o
 .debug_info    0x00005cef      0x69b ./Drivers/STM32F0xx_HAL_Driver/Src/stm32f0xx_hal_cortex.o
 .debug_info    0x0000638a      0x4fc ./Drivers/STM32F0xx_HAL_Driver/Src/stm32f0xx_hal_flash.o
 .debug_info    0x00006886      0x6e6 ./Drivers/STM32F0xx_HAL_Driver/Src/stm32f0xx_hal_flash_ex.o
 .debug_info    0x00006f6c      0x5c3 ./Drivers/STM32F0xx_HAL_Driver/Src/stm32f0xx_hal_gpio.o
 .debug_info    0x0000752f      0x844 ./Drivers/STM32F0xx_HAL_Driver/Src/stm32f0xx_hal_rcc.o
 .debug_info    0x00007d73     0x2946 ./Drivers/STM32F0xx_HAL_Driver/Src/stm32f0xx_hal_tim.o
 .debug_info    0x0000a6b9     0x1488 ./Drivers/STM32F0xx_HAL_Driver/Src/stm32f0xx_hal_tim_ex.o
 .debug_info    0x0000bb41     0x3a2a ./Drivers/STM32F0xx_HAL_Driver/Src/stm32f0xx_hal_uart.o

.debug_abbrev   0x00000000     0x2c84
 .debug_abbrev  0x00000000      0x1e6 ./Core/Src/DFPLAYER_MINI.o
 .debug_abbrev  0x000001e6      0x20d ./Core/Src/FLASH_PAGE.o
 .debug_abbrev  0x000003f3      0x1ca ./Core/Src/ask.o
 .debug_abbrev  0x000005bd      0x23c ./Core/Src/ask_hal_stm32_none.o
 .debug_abbrev  0x000007f9      0x16f ./Core/Src/gpio.o
 .debug_abbrev  0x00000968      0x36a ./Core/Src/main.o
 .debug_abbrev  0x00000cd2       0xc6 ./Core/Src/stm32f0xx_hal_msp.o
 .debug_abbrev  0x00000d98      0x1a6 ./Core/Src/stm32f0xx_it.o
 .debug_abbrev  0x00000f3e      0x1b6 ./Core/Src/syscalls.o
 .debug_abbrev  0x000010f4       0xbc ./Core/Src/sysmem.o
 .debug_abbrev  0x000011b0      0x11c ./Core/Src/system_stm32f0xx.o
 .debug_abbrev  0x000012cc      0x24d ./Core/Src/tim.o
 .debug_abbrev  0x00001519      0x1f6 ./Core/Src/usart.o
 .debug_abbrev  0x0000170f       0x24 ./Core/Startup/startup_stm32f030c8tx.o
 .debug_abbrev  0x00001733      0x24b ./Drivers/STM32F0xx_HAL_Driver/Src/stm32f0xx_hal.o
 .debug_abbrev  0x0000197e      0x28c ./Drivers/STM32F0xx_HAL_Driver/Src/stm32f0xx_hal_cortex.o
 .debug_abbrev  0x00001c0a      0x226 ./Drivers/STM32F0xx_HAL_Driver/Src/stm32f0xx_hal_flash.o
 .debug_abbrev  0x00001e30      0x212 ./Drivers/STM32F0xx_HAL_Driver/Src/stm32f0xx_hal_flash_ex.o
 .debug_abbrev  0x00002042      0x1c8 ./Drivers/STM32F0xx_HAL_Driver/Src/stm32f0xx_hal_gpio.o
 .debug_abbrev  0x0000220a      0x28b ./Drivers/STM32F0xx_HAL_Driver/Src/stm32f0xx_hal_rcc.o
 .debug_abbrev  0x00002495      0x28c ./Drivers/STM32F0xx_HAL_Driver/Src/stm32f0xx_hal_tim.o
 .debug_abbrev  0x00002721      0x297 ./Drivers/STM32F0xx_HAL_Driver/Src/stm32f0xx_hal_tim_ex.o
 .debug_abbrev  0x000029b8      0x2cc ./Drivers/STM32F0xx_HAL_Driver/Src/stm32f0xx_hal_uart.o

.debug_aranges  0x00000000      0xef0
 .debug_aranges
                0x00000000       0x58 ./Core/Src/DFPLAYER_MINI.o
 .debug_aranges
                0x00000058       0x58 ./Core/Src/FLASH_PAGE.o
 .debug_aranges
                0x000000b0       0x68 ./Core/Src/ask.o
 .debug_aranges
                0x00000118       0x40 ./Core/Src/ask_hal_stm32_none.o
 .debug_aranges
                0x00000158       0x20 ./Core/Src/gpio.o
 .debug_aranges
                0x00000178       0x98 ./Core/Src/main.o
 .debug_aranges
                0x00000210       0x20 ./Core/Src/stm32f0xx_hal_msp.o
 .debug_aranges
                0x00000230       0x58 ./Core/Src/stm32f0xx_it.o
 .debug_aranges
                0x00000288       0xa8 ./Core/Src/syscalls.o
 .debug_aranges
                0x00000330       0x20 ./Core/Src/sysmem.o
 .debug_aranges
                0x00000350       0x28 ./Core/Src/system_stm32f0xx.o
 .debug_aranges
                0x00000378       0x48 ./Core/Src/tim.o
 .debug_aranges
                0x000003c0       0x30 ./Core/Src/usart.o
 .debug_aranges
                0x000003f0       0x28 ./Core/Startup/startup_stm32f030c8tx.o
 .debug_aranges
                0x00000418       0xd0 ./Drivers/STM32F0xx_HAL_Driver/Src/stm32f0xx_hal.o
 .debug_aranges
                0x000004e8       0xc0 ./Drivers/STM32F0xx_HAL_Driver/Src/stm32f0xx_hal_cortex.o
 .debug_aranges
                0x000005a8       0x88 ./Drivers/STM32F0xx_HAL_Driver/Src/stm32f0xx_hal_flash.o
 .debug_aranges
                0x00000630       0x98 ./Drivers/STM32F0xx_HAL_Driver/Src/stm32f0xx_hal_flash_ex.o
 .debug_aranges
                0x000006c8       0x58 ./Drivers/STM32F0xx_HAL_Driver/Src/stm32f0xx_hal_gpio.o
 .debug_aranges
                0x00000720       0x80 ./Drivers/STM32F0xx_HAL_Driver/Src/stm32f0xx_hal_rcc.o
 .debug_aranges
                0x000007a0      0x3d0 ./Drivers/STM32F0xx_HAL_Driver/Src/stm32f0xx_hal_tim.o
 .debug_aranges
                0x00000b70      0x168 ./Drivers/STM32F0xx_HAL_Driver/Src/stm32f0xx_hal_tim_ex.o
 .debug_aranges
                0x00000cd8      0x218 ./Drivers/STM32F0xx_HAL_Driver/Src/stm32f0xx_hal_uart.o

.debug_rnglists
                0x00000000      0xb8f
 .debug_rnglists
                0x00000000       0x3e ./Core/Src/DFPLAYER_MINI.o
 .debug_rnglists
                0x0000003e       0x3f ./Core/Src/FLASH_PAGE.o
 .debug_rnglists
                0x0000007d       0x4e ./Core/Src/ask.o
 .debug_rnglists
                0x000000cb       0x2b ./Core/Src/ask_hal_stm32_none.o
 .debug_rnglists
                0x000000f6       0x14 ./Core/Src/gpio.o
 .debug_rnglists
                0x0000010a       0x74 ./Core/Src/main.o
 .debug_rnglists
                0x0000017e       0x13 ./Core/Src/stm32f0xx_hal_msp.o
 .debug_rnglists
                0x00000191       0x3d ./Core/Src/stm32f0xx_it.o
 .debug_rnglists
                0x000001ce       0x79 ./Core/Src/syscalls.o
 .debug_rnglists
                0x00000247       0x13 ./Core/Src/sysmem.o
 .debug_rnglists
                0x0000025a       0x1a ./Core/Src/system_stm32f0xx.o
 .debug_rnglists
                0x00000274       0x35 ./Core/Src/tim.o
 .debug_rnglists
                0x000002a9       0x20 ./Core/Src/usart.o
 .debug_rnglists
                0x000002c9       0x19 ./Core/Startup/startup_stm32f030c8tx.o
 .debug_rnglists
                0x000002e2       0x97 ./Drivers/STM32F0xx_HAL_Driver/Src/stm32f0xx_hal.o
 .debug_rnglists
                0x00000379       0x8c ./Drivers/STM32F0xx_HAL_Driver/Src/stm32f0xx_hal_cortex.o
 .debug_rnglists
                0x00000405       0x65 ./Drivers/STM32F0xx_HAL_Driver/Src/stm32f0xx_hal_flash.o
 .debug_rnglists
                0x0000046a       0x76 ./Drivers/STM32F0xx_HAL_Driver/Src/stm32f0xx_hal_flash_ex.o
 .debug_rnglists
                0x000004e0       0x3f ./Drivers/STM32F0xx_HAL_Driver/Src/stm32f0xx_hal_gpio.o
 .debug_rnglists
                0x0000051f       0x60 ./Drivers/STM32F0xx_HAL_Driver/Src/stm32f0xx_hal_rcc.o
 .debug_rnglists
                0x0000057f      0x31c ./Drivers/STM32F0xx_HAL_Driver/Src/stm32f0xx_hal_tim.o
 .debug_rnglists
                0x0000089b      0x126 ./Drivers/STM32F0xx_HAL_Driver/Src/stm32f0xx_hal_tim_ex.o
 .debug_rnglists
                0x000009c1      0x1ce ./Drivers/STM32F0xx_HAL_Driver/Src/stm32f0xx_hal_uart.o

.debug_macro    0x00000000    0x124af
 .debug_macro   0x00000000      0x2c3 ./Core/Src/DFPLAYER_MINI.o
 .debug_macro   0x000002c3      0xa8a ./Core/Src/DFPLAYER_MINI.o
 .debug_macro   0x00000d4d      0x133 ./Core/Src/DFPLAYER_MINI.o
 .debug_macro   0x00000e80       0x2e ./Core/Src/DFPLAYER_MINI.o
 .debug_macro   0x00000eae       0x22 ./Core/Src/DFPLAYER_MINI.o
 .debug_macro   0x00000ed0       0x22 ./Core/Src/DFPLAYER_MINI.o
 .debug_macro   0x00000ef2       0x8e ./Core/Src/DFPLAYER_MINI.o
 .debug_macro   0x00000f80       0x51 ./Core/Src/DFPLAYER_MINI.o
 .debug_macro   0x00000fd1      0x103 ./Core/Src/DFPLAYER_MINI.o
 .debug_macro   0x000010d4       0x6a ./Core/Src/DFPLAYER_MINI.o
 .debug_macro   0x0000113e      0x1df ./Core/Src/DFPLAYER_MINI.o
 .debug_macro   0x0000131d       0x1c ./Core/Src/DFPLAYER_MINI.o
 .debug_macro   0x00001339       0x22 ./Core/Src/DFPLAYER_MINI.o
 .debug_macro   0x0000135b       0xaf ./Core/Src/DFPLAYER_MINI.o
 .debug_macro   0x0000140a      0x391 ./Core/Src/DFPLAYER_MINI.o
 .debug_macro   0x0000179b     0x6f47 ./Core/Src/DFPLAYER_MINI.o
 .debug_macro   0x000086e2       0x66 ./Core/Src/DFPLAYER_MINI.o
 .debug_macro   0x00008748     0x34da ./Core/Src/DFPLAYER_MINI.o
 .debug_macro   0x0000bc22      0x189 ./Core/Src/DFPLAYER_MINI.o
 .debug_macro   0x0000bdab       0x55 ./Core/Src/DFPLAYER_MINI.o
 .debug_macro   0x0000be00      0x924 ./Core/Src/DFPLAYER_MINI.o
 .debug_macro   0x0000c724      0x17f ./Core/Src/DFPLAYER_MINI.o
 .debug_macro   0x0000c8a3      0x1ae ./Core/Src/DFPLAYER_MINI.o
 .debug_macro   0x0000ca51       0xd8 ./Core/Src/DFPLAYER_MINI.o
 .debug_macro   0x0000cb29      0x1a0 ./Core/Src/DFPLAYER_MINI.o
 .debug_macro   0x0000ccc9      0x1ed ./Core/Src/DFPLAYER_MINI.o
 .debug_macro   0x0000ceb6       0x34 ./Core/Src/DFPLAYER_MINI.o
 .debug_macro   0x0000ceea       0x43 ./Core/Src/DFPLAYER_MINI.o
 .debug_macro   0x0000cf2d       0x28 ./Core/Src/DFPLAYER_MINI.o
 .debug_macro   0x0000cf55       0xb0 ./Core/Src/DFPLAYER_MINI.o
 .debug_macro   0x0000d005      0x199 ./Core/Src/DFPLAYER_MINI.o
 .debug_macro   0x0000d19e      0x22c ./Core/Src/DFPLAYER_MINI.o
 .debug_macro   0x0000d3ca       0x61 ./Core/Src/DFPLAYER_MINI.o
 .debug_macro   0x0000d42b       0xa5 ./Core/Src/DFPLAYER_MINI.o
 .debug_macro   0x0000d4d0       0x4c ./Core/Src/DFPLAYER_MINI.o
 .debug_macro   0x0000d51c       0x2b ./Core/Src/DFPLAYER_MINI.o
 .debug_macro   0x0000d547      0x8f4 ./Core/Src/DFPLAYER_MINI.o
 .debug_macro   0x0000de3b       0x28 ./Core/Src/DFPLAYER_MINI.o
 .debug_macro   0x0000de63      0x56d ./Core/Src/DFPLAYER_MINI.o
 .debug_macro   0x0000e3d0       0x3e ./Core/Src/DFPLAYER_MINI.o
 .debug_macro   0x0000e40e       0xff ./Core/Src/DFPLAYER_MINI.o
 .debug_macro   0x0000e50d       0x61 ./Core/Src/DFPLAYER_MINI.o
 .debug_macro   0x0000e56e       0x24 ./Core/Src/DFPLAYER_MINI.o
 .debug_macro   0x0000e592       0x43 ./Core/Src/DFPLAYER_MINI.o
 .debug_macro   0x0000e5d5       0x34 ./Core/Src/DFPLAYER_MINI.o
 .debug_macro   0x0000e609       0x16 ./Core/Src/DFPLAYER_MINI.o
 .debug_macro   0x0000e61f       0x35 ./Core/Src/DFPLAYER_MINI.o
 .debug_macro   0x0000e654      0x369 ./Core/Src/DFPLAYER_MINI.o
 .debug_macro   0x0000e9bd       0x10 ./Core/Src/DFPLAYER_MINI.o
 .debug_macro   0x0000e9cd       0x16 ./Core/Src/DFPLAYER_MINI.o
 .debug_macro   0x0000e9e3       0x43 ./Core/Src/DFPLAYER_MINI.o
 .debug_macro   0x0000ea26       0x34 ./Core/Src/DFPLAYER_MINI.o
 .debug_macro   0x0000ea5a       0x10 ./Core/Src/DFPLAYER_MINI.o
 .debug_macro   0x0000ea6a       0x58 ./Core/Src/DFPLAYER_MINI.o
 .debug_macro   0x0000eac2       0x8e ./Core/Src/DFPLAYER_MINI.o
 .debug_macro   0x0000eb50       0x1c ./Core/Src/DFPLAYER_MINI.o
 .debug_macro   0x0000eb6c      0x177 ./Core/Src/DFPLAYER_MINI.o
 .debug_macro   0x0000ece3       0x16 ./Core/Src/DFPLAYER_MINI.o
 .debug_macro   0x0000ecf9       0x16 ./Core/Src/DFPLAYER_MINI.o
 .debug_macro   0x0000ed0f      0x146 ./Core/Src/DFPLAYER_MINI.o
 .debug_macro   0x0000ee55      0x2cd ./Core/Src/FLASH_PAGE.o
 .debug_macro   0x0000f122       0x10 ./Core/Src/FLASH_PAGE.o
 .debug_macro   0x0000f132       0x20 ./Core/Src/FLASH_PAGE.o
 .debug_macro   0x0000f152       0x1c ./Core/Src/FLASH_PAGE.o
 .debug_macro   0x0000f16e       0x1c ./Core/Src/FLASH_PAGE.o
 .debug_macro   0x0000f18a      0x169 ./Core/Src/ask.o
 .debug_macro   0x0000f2f3       0x22 ./Core/Src/ask.o
 .debug_macro   0x0000f315       0x22 ./Core/Src/ask.o
 .debug_macro   0x0000f337       0x10 ./Core/Src/ask.o
 .debug_macro   0x0000f347      0x1fb ./Core/Src/ask_hal_stm32_none.o
 .debug_macro   0x0000f542       0xf4 ./Core/Src/ask_hal_stm32_none.o
 .debug_macro   0x0000f636      0x1da ./Core/Src/gpio.o
 .debug_macro   0x0000f810      0x359 ./Core/Src/main.o
 .debug_macro   0x0000fb69       0x16 ./Core/Src/main.o
 .debug_macro   0x0000fb7f       0x16 ./Core/Src/main.o
 .debug_macro   0x0000fb95       0x29 ./Core/Src/main.o
 .debug_macro   0x0000fbbe      0x1d0 ./Core/Src/stm32f0xx_hal_msp.o
 .debug_macro   0x0000fd8e      0x1f6 ./Core/Src/stm32f0xx_it.o
 .debug_macro   0x0000ff84      0x274 ./Core/Src/syscalls.o
 .debug_macro   0x000101f8       0x5b ./Core/Src/syscalls.o
 .debug_macro   0x00010253       0x94 ./Core/Src/syscalls.o
 .debug_macro   0x000102e7       0x57 ./Core/Src/syscalls.o
 .debug_macro   0x0001033e       0x10 ./Core/Src/syscalls.o
 .debug_macro   0x0001034e       0x10 ./Core/Src/syscalls.o
 .debug_macro   0x0001035e       0x10 ./Core/Src/syscalls.o
 .debug_macro   0x0001036e       0x10 ./Core/Src/syscalls.o
 .debug_macro   0x0001037e       0x1c ./Core/Src/syscalls.o
 .debug_macro   0x0001039a       0x52 ./Core/Src/syscalls.o
 .debug_macro   0x000103ec       0x22 ./Core/Src/syscalls.o
 .debug_macro   0x0001040e       0x10 ./Core/Src/syscalls.o
 .debug_macro   0x0001041e       0x52 ./Core/Src/syscalls.o
 .debug_macro   0x00010470       0xcf ./Core/Src/syscalls.o
 .debug_macro   0x0001053f       0x1c ./Core/Src/syscalls.o
 .debug_macro   0x0001055b       0x3d ./Core/Src/syscalls.o
 .debug_macro   0x00010598       0x35 ./Core/Src/syscalls.o
 .debug_macro   0x000105cd      0x12c ./Core/Src/syscalls.o
 .debug_macro   0x000106f9       0x10 ./Core/Src/syscalls.o
 .debug_macro   0x00010709      0x242 ./Core/Src/syscalls.o
 .debug_macro   0x0001094b       0x10 ./Core/Src/syscalls.o
 .debug_macro   0x0001095b      0x18a ./Core/Src/syscalls.o
 .debug_macro   0x00010ae5       0x16 ./Core/Src/syscalls.o
 .debug_macro   0x00010afb       0xce ./Core/Src/syscalls.o
 .debug_macro   0x00010bc9       0xff ./Core/Src/sysmem.o
 .debug_macro   0x00010cc8      0x23c ./Core/Src/sysmem.o
 .debug_macro   0x00010f04      0x1c1 ./Core/Src/system_stm32f0xx.o
 .debug_macro   0x000110c5      0x1da ./Core/Src/tim.o
 .debug_macro   0x0001129f      0x1da ./Core/Src/usart.o
 .debug_macro   0x00011479      0x1e5 ./Drivers/STM32F0xx_HAL_Driver/Src/stm32f0xx_hal.o
 .debug_macro   0x0001165e      0x1c1 ./Drivers/STM32F0xx_HAL_Driver/Src/stm32f0xx_hal_cortex.o
 .debug_macro   0x0001181f      0x1c1 ./Drivers/STM32F0xx_HAL_Driver/Src/stm32f0xx_hal_flash.o
 .debug_macro   0x000119e0      0x1d3 ./Drivers/STM32F0xx_HAL_Driver/Src/stm32f0xx_hal_flash_ex.o
 .debug_macro   0x00011bb3      0x1c8 ./Drivers/STM32F0xx_HAL_Driver/Src/stm32f0xx_hal_gpio.o
 .debug_macro   0x00011d7b      0x1d3 ./Drivers/STM32F0xx_HAL_Driver/Src/stm32f0xx_hal_rcc.o
 .debug_macro   0x00011f4e      0x1c2 ./Drivers/STM32F0xx_HAL_Driver/Src/stm32f0xx_hal_tim.o
 .debug_macro   0x00012110      0x1c1 ./Drivers/STM32F0xx_HAL_Driver/Src/stm32f0xx_hal_tim_ex.o
 .debug_macro   0x000122d1      0x1de ./Drivers/STM32F0xx_HAL_Driver/Src/stm32f0xx_hal_uart.o

.debug_line     0x00000000    0x135c5
 .debug_line    0x00000000      0x96a ./Core/Src/DFPLAYER_MINI.o
 .debug_line    0x0000096a      0xae5 ./Core/Src/FLASH_PAGE.o
 .debug_line    0x0000144f      0xb32 ./Core/Src/ask.o