../Core/Src/main.c:110:6:HAL_GPIO_EXTI_Callback	5
../Core/Src/main.c:124:6:reset_Shift_Register	1
../Core/Src/main.c:131:6:HAL_TIM_PeriodElapsedCallback	1
../Core/Src/main.c:138:6:segment_Update	22
../Core/Src/main.c:310:6:shuffle	2
../Core/Src/main.c:321:6:ShiftOut	2
../Core/Src/main.c:333:6:button_Click	2
../Core/Src/main.c:346:6:start_Game	6
../Core/Src/main.c:380:6:difficultySettings	7
../Core/Src/main.c:402:6:turnSettings	7
../Core/Src/main.c:424:6:check_a_hold_key	3
../Core/Src/main.c:444:6:check_b_hold_key	3
../Core/Src/main.c:462:6:blinking	2
../Core/Src/main.c:473:6:check_And_Learn_Ask	15
../Core/Src/main.c:575:6:timer_Update	2
../Core/Src/main.c:598:5:main	6
../Core/Src/main.c:695:6:SystemClock_Config	3
../Core/Src/main.c:737:6:Error_Handler	1
