../Core/Src/main.c:110:6:HAL_GPIO_EXTI_Callback	16	static
../Core/Src/main.c:139:6:reset_Shift_Register	8	static
../Core/Src/main.c:146:6:HAL_TIM_PeriodElapsedCallback	16	static
../Core/Src/main.c:165:6:segment_Update	16	static
../Core/Src/main.c:327:6:shuffle	32	static
../Core/Src/main.c:338:6:ShiftOut	24	static
../Core/Src/main.c:350:6:button_Click	16	static
../Core/Src/main.c:363:6:start_Game	8	static
../Core/Src/main.c:391:6:settings	8	static
../Core/Src/main.c:446:6:hold_key	8	static
../Core/Src/main.c:462:6:blinking	16	static
../Core/Src/main.c:473:6:check_And_Learn_Ask	8	static
../Core/Src/main.c:538:6:timer_Update	8	static
../Core/Src/main.c:580:5:main	8	static
../Core/Src/main.c:684:6:SystemClock_Config	80	static
../Core/Src/main.c:726:6:Error_Handler	8	static,ignoring_inline_asm
