../Core/Src/main.c:98:6:HAL_GPIO_EXTI_Callback	16	static
../Core/Src/main.c:107:6:reset_Shift_Register	8	static
../Core/Src/main.c:114:6:HAL_TIM_PeriodElapsedCallback	16	static
../Core/Src/main.c:133:6:segment_Update	16	static
../Core/Src/main.c:295:6:shuffle	32	static
../Core/Src/main.c:306:6:ShiftOut	24	static
../Core/Src/main.c:318:6:button_Click	16	static
../Core/Src/main.c:330:6:start_Game	16	static
../Core/Src/main.c:349:6:blinking	16	static
../Core/Src/main.c:360:6:check_And_Learn_Ask	8	static
../Core/Src/main.c:413:6:timer_Update	8	static
../Core/Src/main.c:428:5:main	8	static
../Core/Src/main.c:502:6:SystemClock_Config	80	static
../Core/Src/main.c:544:6:Error_Handler	8	static,ignoring_inline_asm
